Archive member included to satisfy reference by file (symbol)

.\CortexM0\ARM_GCC_541\Debug\Exam1.a(In1.o)
                              .\CortexM0\ARM_GCC_541\Debug\main.o (In1_Write)
.\CortexM0\ARM_GCC_541\Debug\Exam1.a(In2.o)
                              .\CortexM0\ARM_GCC_541\Debug\main.o (In2_Write)
.\CortexM0\ARM_GCC_541\Debug\Exam1.a(CyLib.o)
                              .\CortexM0\ARM_GCC_541\Debug\cyfitter_cfg.o (CyIntEnable)
.\CortexM0\ARM_GCC_541\Debug\Exam1.a(CyLFClk.o)
                              .\CortexM0\ARM_GCC_541\Debug\cyfitter_cfg.o (CySysClkWcoStart)
.\CortexM0\ARM_GCC_541\Debug\Exam1.a(Out1_1.o)
                              .\CortexM0\ARM_GCC_541\Debug\main.o (Out1_1_Read)
.\CortexM0\ARM_GCC_541\Debug\Exam1.a(Out1_2.o)
                              .\CortexM0\ARM_GCC_541\Debug\main.o (Out1_2_Read)
.\CortexM0\ARM_GCC_541\Debug\Exam1.a(Out1_3.o)
                              .\CortexM0\ARM_GCC_541\Debug\main.o (Out1_3_Read)
.\CortexM0\ARM_GCC_541\Debug\Exam1.a(Result.o)
                              .\CortexM0\ARM_GCC_541\Debug\main.o (Result_Write)
.\CortexM0\ARM_GCC_541\Debug\Exam1.a(In1_2.o)
                              .\CortexM0\ARM_GCC_541\Debug\main.o (In1_2_Write)
.\CortexM0\ARM_GCC_541\Debug\Exam1.a(In2_2.o)
                              .\CortexM0\ARM_GCC_541\Debug\main.o (In2_2_Write)
.\CortexM0\ARM_GCC_541\Debug\Exam1.a(Out2_1.o)
                              .\CortexM0\ARM_GCC_541\Debug\main.o (Out2_1_Read)
.\CortexM0\ARM_GCC_541\Debug\Exam1.a(Out2_2.o)
                              .\CortexM0\ARM_GCC_541\Debug\main.o (Out2_2_Read)
.\CortexM0\ARM_GCC_541\Debug\Exam1.a(Out2_3.o)
                              .\CortexM0\ARM_GCC_541\Debug\main.o (Out2_3_Read)
.\CortexM0\ARM_GCC_541\Debug\Exam1.a(CyBootAsmGnu.o)
                              .\CortexM0\ARM_GCC_541\Debug\cyfitter_cfg.o (CyDelayCycles)
c:/program files (x86)/cypress/psoc creator/4.4/psoc creator/import/gnu/arm/5.4.1/bin/../lib/gcc/arm-none-eabi/5.4.1/armv6-m\libgcc.a(_udivsi3.o)
                              .\CortexM0\ARM_GCC_541\Debug\Exam1.a(CyLib.o) (__aeabi_uidiv)
c:/program files (x86)/cypress/psoc creator/4.4/psoc creator/import/gnu/arm/5.4.1/bin/../lib/gcc/arm-none-eabi/5.4.1/armv6-m\libgcc.a(_divsi3.o)
                              .\CortexM0\ARM_GCC_541\Debug\Exam1.a(CyLFClk.o) (__aeabi_idiv)
c:/program files (x86)/cypress/psoc creator/4.4/psoc creator/import/gnu/arm/5.4.1/bin/../lib/gcc/arm-none-eabi/5.4.1/armv6-m\libgcc.a(_dvmd_tls.o)
                              c:/program files (x86)/cypress/psoc creator/4.4/psoc creator/import/gnu/arm/5.4.1/bin/../lib/gcc/arm-none-eabi/5.4.1/armv6-m\libgcc.a(_udivsi3.o) (__aeabi_idiv0)
c:/program files (x86)/cypress/psoc creator/4.4/psoc creator/import/gnu/arm/5.4.1/bin/../lib/gcc/arm-none-eabi/5.4.1/../../../../arm-none-eabi/lib/armv6-m\libg_nano.a(lib_a-errno.o)
                              .\CortexM0\ARM_GCC_541\Debug\Cm0Start.o (__errno)
c:/program files (x86)/cypress/psoc creator/4.4/psoc creator/import/gnu/arm/5.4.1/bin/../lib/gcc/arm-none-eabi/5.4.1/../../../../arm-none-eabi/lib/armv6-m\libg_nano.a(lib_a-exit.o)
                              c:/program files (x86)/cypress/psoc creator/4.4/psoc creator/import/gnu/arm/5.4.1/bin/../lib/gcc/arm-none-eabi/5.4.1/../../../../arm-none-eabi/lib/armv6-m/crt0.o (exit)
c:/program files (x86)/cypress/psoc creator/4.4/psoc creator/import/gnu/arm/5.4.1/bin/../lib/gcc/arm-none-eabi/5.4.1/../../../../arm-none-eabi/lib/armv6-m\libg_nano.a(lib_a-impure.o)
                              c:/program files (x86)/cypress/psoc creator/4.4/psoc creator/import/gnu/arm/5.4.1/bin/../lib/gcc/arm-none-eabi/5.4.1/../../../../arm-none-eabi/lib/armv6-m\libg_nano.a(lib_a-exit.o) (_global_impure_ptr)
c:/program files (x86)/cypress/psoc creator/4.4/psoc creator/import/gnu/arm/5.4.1/bin/../lib/gcc/arm-none-eabi/5.4.1/../../../../arm-none-eabi/lib/armv6-m\libg_nano.a(lib_a-init.o)
                              c:/program files (x86)/cypress/psoc creator/4.4/psoc creator/import/gnu/arm/5.4.1/bin/../lib/gcc/arm-none-eabi/5.4.1/../../../../arm-none-eabi/lib/armv6-m/crt0.o (__libc_init_array)
c:/program files (x86)/cypress/psoc creator/4.4/psoc creator/import/gnu/arm/5.4.1/bin/../lib/gcc/arm-none-eabi/5.4.1/../../../../arm-none-eabi/lib/armv6-m\libg_nano.a(lib_a-memset.o)
                              c:/program files (x86)/cypress/psoc creator/4.4/psoc creator/import/gnu/arm/5.4.1/bin/../lib/gcc/arm-none-eabi/5.4.1/../../../../arm-none-eabi/lib/armv6-m/crt0.o (memset)

Discarded input sections

 .text          0x00000000        0x0 c:/program files (x86)/cypress/psoc creator/4.4/psoc creator/import/gnu/arm/5.4.1/bin/../lib/gcc/arm-none-eabi/5.4.1/armv6-m/crti.o
 .data          0x00000000        0x0 c:/program files (x86)/cypress/psoc creator/4.4/psoc creator/import/gnu/arm/5.4.1/bin/../lib/gcc/arm-none-eabi/5.4.1/armv6-m/crti.o
 .bss           0x00000000        0x0 c:/program files (x86)/cypress/psoc creator/4.4/psoc creator/import/gnu/arm/5.4.1/bin/../lib/gcc/arm-none-eabi/5.4.1/armv6-m/crti.o
 .data          0x00000000        0x4 c:/program files (x86)/cypress/psoc creator/4.4/psoc creator/import/gnu/arm/5.4.1/bin/../lib/gcc/arm-none-eabi/5.4.1/armv6-m/crtbegin.o
 .text          0x00000000       0x78 c:/program files (x86)/cypress/psoc creator/4.4/psoc creator/import/gnu/arm/5.4.1/bin/../lib/gcc/arm-none-eabi/5.4.1/../../../../arm-none-eabi/lib/armv6-m/crt0.o
 .data          0x00000000        0x0 c:/program files (x86)/cypress/psoc creator/4.4/psoc creator/import/gnu/arm/5.4.1/bin/../lib/gcc/arm-none-eabi/5.4.1/../../../../arm-none-eabi/lib/armv6-m/crt0.o
 .bss           0x00000000        0x0 c:/program files (x86)/cypress/psoc creator/4.4/psoc creator/import/gnu/arm/5.4.1/bin/../lib/gcc/arm-none-eabi/5.4.1/../../../../arm-none-eabi/lib/armv6-m/crt0.o
 .ARM.extab     0x00000000        0x0 c:/program files (x86)/cypress/psoc creator/4.4/psoc creator/import/gnu/arm/5.4.1/bin/../lib/gcc/arm-none-eabi/5.4.1/../../../../arm-none-eabi/lib/armv6-m/crt0.o
 .ARM.exidx     0x00000000        0x8 c:/program files (x86)/cypress/psoc creator/4.4/psoc creator/import/gnu/arm/5.4.1/bin/../lib/gcc/arm-none-eabi/5.4.1/../../../../arm-none-eabi/lib/armv6-m/crt0.o
 .text          0x00000000        0x0 .\CortexM0\ARM_GCC_541\Debug\main.o
 .data          0x00000000        0x0 .\CortexM0\ARM_GCC_541\Debug\main.o
 .bss           0x00000000        0x0 .\CortexM0\ARM_GCC_541\Debug\main.o
 .text          0x00000000        0x0 .\CortexM0\ARM_GCC_541\Debug\cyfitter_cfg.o
 .data          0x00000000        0x0 .\CortexM0\ARM_GCC_541\Debug\cyfitter_cfg.o
 .bss           0x00000000        0x0 .\CortexM0\ARM_GCC_541\Debug\cyfitter_cfg.o
 .text          0x00000000        0x0 .\CortexM0\ARM_GCC_541\Debug\cymetadata.o
 .data          0x00000000        0x0 .\CortexM0\ARM_GCC_541\Debug\cymetadata.o
 .bss           0x00000000        0x0 .\CortexM0\ARM_GCC_541\Debug\cymetadata.o
 .text          0x00000000        0x0 .\CortexM0\ARM_GCC_541\Debug\Cm0Start.o
 .data          0x00000000        0x4 .\CortexM0\ARM_GCC_541\Debug\Cm0Start.o
 .bss           0x00000000        0x0 .\CortexM0\ARM_GCC_541\Debug\Cm0Start.o
 .text._exit    0x00000000        0xc .\CortexM0\ARM_GCC_541\Debug\Cm0Start.o
 .text._sbrk    0x00000000       0x30 .\CortexM0\ARM_GCC_541\Debug\Cm0Start.o
 .text          0x00000000        0x0 .\CortexM0\ARM_GCC_541\Debug\Exam1.a(In1.o)
 .data          0x00000000        0x0 .\CortexM0\ARM_GCC_541\Debug\Exam1.a(In1.o)
 .bss           0x00000000        0x0 .\CortexM0\ARM_GCC_541\Debug\Exam1.a(In1.o)
 .text.In1_SetDriveMode
                0x00000000       0x18 .\CortexM0\ARM_GCC_541\Debug\Exam1.a(In1.o)
 .text.In1_Read
                0x00000000       0x10 .\CortexM0\ARM_GCC_541\Debug\Exam1.a(In1.o)
 .text.In1_ReadDataReg
                0x00000000       0x10 .\CortexM0\ARM_GCC_541\Debug\Exam1.a(In1.o)
 .text.In1_SetInterruptMode
                0x00000000       0x14 .\CortexM0\ARM_GCC_541\Debug\Exam1.a(In1.o)
 .text.In1_ClearInterrupt
                0x00000000       0x14 .\CortexM0\ARM_GCC_541\Debug\Exam1.a(In1.o)
 .text          0x00000000        0x0 .\CortexM0\ARM_GCC_541\Debug\Exam1.a(In2.o)
 .data          0x00000000        0x0 .\CortexM0\ARM_GCC_541\Debug\Exam1.a(In2.o)
 .bss           0x00000000        0x0 .\CortexM0\ARM_GCC_541\Debug\Exam1.a(In2.o)
 .text.In2_SetDriveMode
                0x00000000       0x18 .\CortexM0\ARM_GCC_541\Debug\Exam1.a(In2.o)
 .text.In2_Read
                0x00000000       0x10 .\CortexM0\ARM_GCC_541\Debug\Exam1.a(In2.o)
 .text.In2_ReadDataReg
                0x00000000       0x10 .\CortexM0\ARM_GCC_541\Debug\Exam1.a(In2.o)
 .text.In2_SetInterruptMode
                0x00000000       0x14 .\CortexM0\ARM_GCC_541\Debug\Exam1.a(In2.o)
 .text.In2_ClearInterrupt
                0x00000000       0x14 .\CortexM0\ARM_GCC_541\Debug\Exam1.a(In2.o)
 .text          0x00000000        0x0 .\CortexM0\ARM_GCC_541\Debug\Exam1.a(CyLib.o)
 .bss           0x00000000       0x18 .\CortexM0\ARM_GCC_541\Debug\Exam1.a(CyLib.o)
 .text.CySysClkImoStart
                0x00000000       0x14 .\CortexM0\ARM_GCC_541\Debug\Exam1.a(CyLib.o)
 .text.CySysClkImoStop
                0x00000000       0x10 .\CortexM0\ARM_GCC_541\Debug\Exam1.a(CyLib.o)
 .text.CySysClkWriteHfclkDirect
                0x00000000       0x20 .\CortexM0\ARM_GCC_541\Debug\Exam1.a(CyLib.o)
 .text.CySysEnablePumpClock
                0x00000000       0x38 .\CortexM0\ARM_GCC_541\Debug\Exam1.a(CyLib.o)
 .text.CySysClkGetSysclkSource
                0x00000000       0x1c .\CortexM0\ARM_GCC_541\Debug\Exam1.a(CyLib.o)
 .text.CySysClkWriteSysclkDiv
                0x00000000       0x30 .\CortexM0\ARM_GCC_541\Debug\Exam1.a(CyLib.o)
 .text.CySysClkEcoStop
                0x00000000       0x24 .\CortexM0\ARM_GCC_541\Debug\Exam1.a(CyLib.o)
 .text.CySysLvdDisable
                0x00000000       0x20 .\CortexM0\ARM_GCC_541\Debug\Exam1.a(CyLib.o)
 .text.CySysLvdGetInterruptSource
                0x00000000       0x10 .\CortexM0\ARM_GCC_541\Debug\Exam1.a(CyLib.o)
 .text.CySysLvdClearInterrupt
                0x00000000        0xc .\CortexM0\ARM_GCC_541\Debug\Exam1.a(CyLib.o)
 .text.CySysGetResetReason
                0x00000000       0x14 .\CortexM0\ARM_GCC_541\Debug\Exam1.a(CyLib.o)
 .text.CyDisableInts
                0x00000000       0x10 .\CortexM0\ARM_GCC_541\Debug\Exam1.a(CyLib.o)
 .text.CyEnableInts
                0x00000000        0xc .\CortexM0\ARM_GCC_541\Debug\Exam1.a(CyLib.o)
 .text.CyIntGetState
                0x00000000       0x18 .\CortexM0\ARM_GCC_541\Debug\Exam1.a(CyLib.o)
 .text.CyIntDisable
                0x00000000       0x14 .\CortexM0\ARM_GCC_541\Debug\Exam1.a(CyLib.o)
 .text.CyIntSetPending
                0x00000000       0x14 .\CortexM0\ARM_GCC_541\Debug\Exam1.a(CyLib.o)
 .text.CyIntClearPending
                0x00000000       0x14 .\CortexM0\ARM_GCC_541\Debug\Exam1.a(CyLib.o)
 .text.CySysClkWriteEcoDiv
                0x00000000       0x38 .\CortexM0\ARM_GCC_541\Debug\Exam1.a(CyLib.o)
 .text.CyIntSetSysVector
                0x00000000       0x20 .\CortexM0\ARM_GCC_541\Debug\Exam1.a(CyLib.o)
 .text.CyIntGetSysVector
                0x00000000       0x1c .\CortexM0\ARM_GCC_541\Debug\Exam1.a(CyLib.o)
 .text.CyIntGetVector
                0x00000000       0x20 .\CortexM0\ARM_GCC_541\Debug\Exam1.a(CyLib.o)
 .text.CyIntSetPriority
                0x00000000       0x4c .\CortexM0\ARM_GCC_541\Debug\Exam1.a(CyLib.o)
 .text.CyIntGetPriority
                0x00000000       0x2c .\CortexM0\ARM_GCC_541\Debug\Exam1.a(CyLib.o)
 .text.CySoftwareReset
                0x00000000       0x18 .\CortexM0\ARM_GCC_541\Debug\Exam1.a(CyLib.o)
 .text.CySysLvdEnable
                0x00000000       0x44 .\CortexM0\ARM_GCC_541\Debug\Exam1.a(CyLib.o)
 .text.CyDelayFreq
                0x00000000       0x4c .\CortexM0\ARM_GCC_541\Debug\Exam1.a(CyLib.o)
 .text.CySysTickStop
                0x00000000       0x10 .\CortexM0\ARM_GCC_541\Debug\Exam1.a(CyLib.o)
 .text.CySysTickEnableInterrupt
                0x00000000       0x10 .\CortexM0\ARM_GCC_541\Debug\Exam1.a(CyLib.o)
 .text.CySysTickEnable
                0x00000000       0x18 .\CortexM0\ARM_GCC_541\Debug\Exam1.a(CyLib.o)
 .text.CySysTickDisableInterrupt
                0x00000000       0x10 .\CortexM0\ARM_GCC_541\Debug\Exam1.a(CyLib.o)
 .text.CySysTickSetReload
                0x00000000       0x10 .\CortexM0\ARM_GCC_541\Debug\Exam1.a(CyLib.o)
 .text.CySysTickGetReload
                0x00000000       0x10 .\CortexM0\ARM_GCC_541\Debug\Exam1.a(CyLib.o)
 .text.CySysTickGetValue
                0x00000000       0x10 .\CortexM0\ARM_GCC_541\Debug\Exam1.a(CyLib.o)
 .text.CySysTickSetClockSource
                0x00000000       0x20 .\CortexM0\ARM_GCC_541\Debug\Exam1.a(CyLib.o)
 .text.CySysTickGetClockSource
                0x00000000       0x10 .\CortexM0\ARM_GCC_541\Debug\Exam1.a(CyLib.o)
 .text.CySysTickGetCountFlag
                0x00000000       0x10 .\CortexM0\ARM_GCC_541\Debug\Exam1.a(CyLib.o)
 .text.CySysTickServiceCallbacks
                0x00000000       0x28 .\CortexM0\ARM_GCC_541\Debug\Exam1.a(CyLib.o)
 .text.CySysTickClear
                0x00000000        0xc .\CortexM0\ARM_GCC_541\Debug\Exam1.a(CyLib.o)
 .text.CySysTickInit
                0x00000000       0x44 .\CortexM0\ARM_GCC_541\Debug\Exam1.a(CyLib.o)
 .text.CySysTickStart
                0x00000000       0x20 .\CortexM0\ARM_GCC_541\Debug\Exam1.a(CyLib.o)
 .text.CySysTickSetCallback
                0x00000000       0x10 .\CortexM0\ARM_GCC_541\Debug\Exam1.a(CyLib.o)
 .text.CySysTickGetCallback
                0x00000000        0xc .\CortexM0\ARM_GCC_541\Debug\Exam1.a(CyLib.o)
 .text.CyGetUniqueId
                0x00000000       0x70 .\CortexM0\ARM_GCC_541\Debug\Exam1.a(CyLib.o)
 .text.CySysSetRamAccessArbPriority
                0x00000000       0x20 .\CortexM0\ARM_GCC_541\Debug\Exam1.a(CyLib.o)
 .text.CySysSetFlashAccessArbPriority
                0x00000000       0x20 .\CortexM0\ARM_GCC_541\Debug\Exam1.a(CyLib.o)
 .text.CySysSetDmacAccessArbPriority
                0x00000000       0x20 .\CortexM0\ARM_GCC_541\Debug\Exam1.a(CyLib.o)
 .text.CySysSetPeripheralAccessArbPriority
                0x00000000       0x68 .\CortexM0\ARM_GCC_541\Debug\Exam1.a(CyLib.o)
 .text          0x00000000        0x0 .\CortexM0\ARM_GCC_541\Debug\Exam1.a(CyLFClk.o)
 .text.CySysClkIloEnabled
                0x00000000       0x14 .\CortexM0\ARM_GCC_541\Debug\Exam1.a(CyLFClk.o)
 .text.CySysClkGetLfclkSource
                0x00000000       0x10 .\CortexM0\ARM_GCC_541\Debug\Exam1.a(CyLFClk.o)
 .text.CySysClkIloStart
                0x00000000       0x14 .\CortexM0\ARM_GCC_541\Debug\Exam1.a(CyLFClk.o)
 .text.CySysClkIloStartMeasurement
                0x00000000       0x5c .\CortexM0\ARM_GCC_541\Debug\Exam1.a(CyLFClk.o)
 .text.CySysClkIloStopMeasurement
                0x00000000       0x14 .\CortexM0\ARM_GCC_541\Debug\Exam1.a(CyLFClk.o)
 .text.CySysClkIloCompensate
                0x00000000      0x104 .\CortexM0\ARM_GCC_541\Debug\Exam1.a(CyLFClk.o)
 .text.CySysClkIloUpdateTrimReg
                0x00000000       0xa8 .\CortexM0\ARM_GCC_541\Debug\Exam1.a(CyLFClk.o)
 .text.CySysClkIloTrim
                0x00000000       0xd8 .\CortexM0\ARM_GCC_541\Debug\Exam1.a(CyLFClk.o)
 .text.CySysClkIloRestoreFactoryTrim
                0x00000000       0x30 .\CortexM0\ARM_GCC_541\Debug\Exam1.a(CyLFClk.o)
 .text.CySysClkWcoEnabled
                0x00000000       0x14 .\CortexM0\ARM_GCC_541\Debug\Exam1.a(CyLFClk.o)
 .text.CySysClkWcoClockOutSelect
                0x00000000       0x2c .\CortexM0\ARM_GCC_541\Debug\Exam1.a(CyLFClk.o)
 .text.CySysWdtGetEnabledStatus
                0x00000000       0x24 .\CortexM0\ARM_GCC_541\Debug\Exam1.a(CyLFClk.o)
 .text.CySysWdtSetMode
                0x00000000       0x38 .\CortexM0\ARM_GCC_541\Debug\Exam1.a(CyLFClk.o)
 .text.CySysClkLfclkPosedgeRestore
                0x00000000       0x2c .\CortexM0\ARM_GCC_541\Debug\Exam1.a(CyLFClk.o)
 .text.CySysWdtGetMode
                0x00000000       0x14 .\CortexM0\ARM_GCC_541\Debug\Exam1.a(CyLFClk.o)
 .text.CySysWdtSetClearOnMatch
                0x00000000       0x34 .\CortexM0\ARM_GCC_541\Debug\Exam1.a(CyLFClk.o)
 .text.CySysWdtGetClearOnMatch
                0x00000000       0x24 .\CortexM0\ARM_GCC_541\Debug\Exam1.a(CyLFClk.o)
 .text.CySysWdtEnable
                0x00000000       0x3c .\CortexM0\ARM_GCC_541\Debug\Exam1.a(CyLFClk.o)
 .text.CySysWdtDisable
                0x00000000       0x44 .\CortexM0\ARM_GCC_541\Debug\Exam1.a(CyLFClk.o)
 .text.CySysWdtSetCascade
                0x00000000       0x34 .\CortexM0\ARM_GCC_541\Debug\Exam1.a(CyLFClk.o)
 .text.CySysWdtGetCascade
                0x00000000       0x14 .\CortexM0\ARM_GCC_541\Debug\Exam1.a(CyLFClk.o)
 .text.CySysWdtSetMatch
                0x00000000       0x54 .\CortexM0\ARM_GCC_541\Debug\Exam1.a(CyLFClk.o)
 .text.CySysWdtSetToggleBit
                0x00000000       0x30 .\CortexM0\ARM_GCC_541\Debug\Exam1.a(CyLFClk.o)
 .text.CySysWdtGetToggleBit
                0x00000000       0x10 .\CortexM0\ARM_GCC_541\Debug\Exam1.a(CyLFClk.o)
 .text.CySysWdtGetMatch
                0x00000000       0x20 .\CortexM0\ARM_GCC_541\Debug\Exam1.a(CyLFClk.o)
 .text.CySysWdtGetCount
                0x00000000       0x3c .\CortexM0\ARM_GCC_541\Debug\Exam1.a(CyLFClk.o)
 .text.CySysClkLfclkPosedgeCatch
                0x00000000       0x74 .\CortexM0\ARM_GCC_541\Debug\Exam1.a(CyLFClk.o)
 .text.CySysClkIloStop
                0x00000000       0x4c .\CortexM0\ARM_GCC_541\Debug\Exam1.a(CyLFClk.o)
 .text.CySysClkSetLfclkSource
                0x00000000       0x38 .\CortexM0\ARM_GCC_541\Debug\Exam1.a(CyLFClk.o)
 .text.CySysClkWcoStop
                0x00000000       0x48 .\CortexM0\ARM_GCC_541\Debug\Exam1.a(CyLFClk.o)
 .text.CySysWdtGetInterruptSource
                0x00000000       0x14 .\CortexM0\ARM_GCC_541\Debug\Exam1.a(CyLFClk.o)
 .text.CySysWdtResetCounters
                0x00000000       0x20 .\CortexM0\ARM_GCC_541\Debug\Exam1.a(CyLFClk.o)
 .text.CySysWdtSetInterruptCallback
                0x00000000       0x20 .\CortexM0\ARM_GCC_541\Debug\Exam1.a(CyLFClk.o)
 .text.CySysWdtGetInterruptCallback
                0x00000000       0x20 .\CortexM0\ARM_GCC_541\Debug\Exam1.a(CyLFClk.o)
 .text.CySysWdtEnableCounterIsr
                0x00000000       0x34 .\CortexM0\ARM_GCC_541\Debug\Exam1.a(CyLFClk.o)
 .text.CySysWdtDisableCounterIsr
                0x00000000       0x28 .\CortexM0\ARM_GCC_541\Debug\Exam1.a(CyLFClk.o)
 .text.CySysWatchdogFeed
                0x00000000       0x60 .\CortexM0\ARM_GCC_541\Debug\Exam1.a(CyLFClk.o)
 .text.CySysTimerDelayUntilMatch
                0x00000000       0x6c .\CortexM0\ARM_GCC_541\Debug\Exam1.a(CyLFClk.o)
 .text.CySysTimerDelay
                0x00000000       0x3c .\CortexM0\ARM_GCC_541\Debug\Exam1.a(CyLFClk.o)
 .rodata        0x00000000        0xc .\CortexM0\ARM_GCC_541\Debug\Exam1.a(CyLFClk.o)
 .text          0x00000000        0x0 .\CortexM0\ARM_GCC_541\Debug\Exam1.a(Out1_1.o)
 .data          0x00000000        0x0 .\CortexM0\ARM_GCC_541\Debug\Exam1.a(Out1_1.o)
 .bss           0x00000000        0x0 .\CortexM0\ARM_GCC_541\Debug\Exam1.a(Out1_1.o)
 .text.Out1_1_SetDriveMode
                0x00000000       0x18 .\CortexM0\ARM_GCC_541\Debug\Exam1.a(Out1_1.o)
 .text.Out1_1_Write
                0x00000000       0x18 .\CortexM0\ARM_GCC_541\Debug\Exam1.a(Out1_1.o)
 .text.Out1_1_ReadDataReg
                0x00000000       0x10 .\CortexM0\ARM_GCC_541\Debug\Exam1.a(Out1_1.o)
 .text.Out1_1_SetInterruptMode
                0x00000000       0x14 .\CortexM0\ARM_GCC_541\Debug\Exam1.a(Out1_1.o)
 .text.Out1_1_ClearInterrupt
                0x00000000       0x14 .\CortexM0\ARM_GCC_541\Debug\Exam1.a(Out1_1.o)
 .text          0x00000000        0x0 .\CortexM0\ARM_GCC_541\Debug\Exam1.a(Out1_2.o)
 .data          0x00000000        0x0 .\CortexM0\ARM_GCC_541\Debug\Exam1.a(Out1_2.o)
 .bss           0x00000000        0x0 .\CortexM0\ARM_GCC_541\Debug\Exam1.a(Out1_2.o)
 .text.Out1_2_SetDriveMode
                0x00000000       0x18 .\CortexM0\ARM_GCC_541\Debug\Exam1.a(Out1_2.o)
 .text.Out1_2_Write
                0x00000000       0x18 .\CortexM0\ARM_GCC_541\Debug\Exam1.a(Out1_2.o)
 .text.Out1_2_ReadDataReg
                0x00000000       0x10 .\CortexM0\ARM_GCC_541\Debug\Exam1.a(Out1_2.o)
 .text.Out1_2_SetInterruptMode
                0x00000000       0x14 .\CortexM0\ARM_GCC_541\Debug\Exam1.a(Out1_2.o)
 .text.Out1_2_ClearInterrupt
                0x00000000       0x14 .\CortexM0\ARM_GCC_541\Debug\Exam1.a(Out1_2.o)
 .text          0x00000000        0x0 .\CortexM0\ARM_GCC_541\Debug\Exam1.a(Out1_3.o)
 .data          0x00000000        0x0 .\CortexM0\ARM_GCC_541\Debug\Exam1.a(Out1_3.o)
 .bss           0x00000000        0x0 .\CortexM0\ARM_GCC_541\Debug\Exam1.a(Out1_3.o)
 .text.Out1_3_SetDriveMode
                0x00000000       0x18 .\CortexM0\ARM_GCC_541\Debug\Exam1.a(Out1_3.o)
 .text.Out1_3_Write
                0x00000000       0x18 .\CortexM0\ARM_GCC_541\Debug\Exam1.a(Out1_3.o)
 .text.Out1_3_ReadDataReg
                0x00000000       0x10 .\CortexM0\ARM_GCC_541\Debug\Exam1.a(Out1_3.o)
 .text.Out1_3_SetInterruptMode
                0x00000000       0x14 .\CortexM0\ARM_GCC_541\Debug\Exam1.a(Out1_3.o)
 .text.Out1_3_ClearInterrupt
                0x00000000       0x14 .\CortexM0\ARM_GCC_541\Debug\Exam1.a(Out1_3.o)
 .text          0x00000000        0x0 .\CortexM0\ARM_GCC_541\Debug\Exam1.a(Result.o)
 .data          0x00000000        0x0 .\CortexM0\ARM_GCC_541\Debug\Exam1.a(Result.o)
 .bss           0x00000000        0x0 .\CortexM0\ARM_GCC_541\Debug\Exam1.a(Result.o)
 .text.Result_SetDriveMode
                0x00000000       0x18 .\CortexM0\ARM_GCC_541\Debug\Exam1.a(Result.o)
 .text.Result_Read
                0x00000000       0x10 .\CortexM0\ARM_GCC_541\Debug\Exam1.a(Result.o)
 .text.Result_ReadDataReg
                0x00000000       0x10 .\CortexM0\ARM_GCC_541\Debug\Exam1.a(Result.o)
 .text.Result_SetInterruptMode
                0x00000000       0x14 .\CortexM0\ARM_GCC_541\Debug\Exam1.a(Result.o)
 .text.Result_ClearInterrupt
                0x00000000       0x14 .\CortexM0\ARM_GCC_541\Debug\Exam1.a(Result.o)
 .text          0x00000000        0x0 .\CortexM0\ARM_GCC_541\Debug\Exam1.a(In1_2.o)
 .data          0x00000000        0x0 .\CortexM0\ARM_GCC_541\Debug\Exam1.a(In1_2.o)
 .bss           0x00000000        0x0 .\CortexM0\ARM_GCC_541\Debug\Exam1.a(In1_2.o)
 .text.In1_2_SetDriveMode
                0x00000000       0x14 .\CortexM0\ARM_GCC_541\Debug\Exam1.a(In1_2.o)
 .text.In1_2_Read
                0x00000000       0x10 .\CortexM0\ARM_GCC_541\Debug\Exam1.a(In1_2.o)
 .text.In1_2_ReadDataReg
                0x00000000       0x10 .\CortexM0\ARM_GCC_541\Debug\Exam1.a(In1_2.o)
 .text.In1_2_SetInterruptMode
                0x00000000       0x14 .\CortexM0\ARM_GCC_541\Debug\Exam1.a(In1_2.o)
 .text.In1_2_ClearInterrupt
                0x00000000       0x10 .\CortexM0\ARM_GCC_541\Debug\Exam1.a(In1_2.o)
 .text          0x00000000        0x0 .\CortexM0\ARM_GCC_541\Debug\Exam1.a(In2_2.o)
 .data          0x00000000        0x0 .\CortexM0\ARM_GCC_541\Debug\Exam1.a(In2_2.o)
 .bss           0x00000000        0x0 .\CortexM0\ARM_GCC_541\Debug\Exam1.a(In2_2.o)
 .text.In2_2_SetDriveMode
                0x00000000       0x18 .\CortexM0\ARM_GCC_541\Debug\Exam1.a(In2_2.o)
 .text.In2_2_Read
                0x00000000       0x10 .\CortexM0\ARM_GCC_541\Debug\Exam1.a(In2_2.o)
 .text.In2_2_ReadDataReg
                0x00000000       0x10 .\CortexM0\ARM_GCC_541\Debug\Exam1.a(In2_2.o)
 .text.In2_2_SetInterruptMode
                0x00000000       0x14 .\CortexM0\ARM_GCC_541\Debug\Exam1.a(In2_2.o)
 .text.In2_2_ClearInterrupt
                0x00000000       0x14 .\CortexM0\ARM_GCC_541\Debug\Exam1.a(In2_2.o)
 .text          0x00000000        0x0 .\CortexM0\ARM_GCC_541\Debug\Exam1.a(Out2_1.o)
 .data          0x00000000        0x0 .\CortexM0\ARM_GCC_541\Debug\Exam1.a(Out2_1.o)
 .bss           0x00000000        0x0 .\CortexM0\ARM_GCC_541\Debug\Exam1.a(Out2_1.o)
 .text.Out2_1_SetDriveMode
                0x00000000       0x18 .\CortexM0\ARM_GCC_541\Debug\Exam1.a(Out2_1.o)
 .text.Out2_1_Write
                0x00000000       0x18 .\CortexM0\ARM_GCC_541\Debug\Exam1.a(Out2_1.o)
 .text.Out2_1_ReadDataReg
                0x00000000       0x10 .\CortexM0\ARM_GCC_541\Debug\Exam1.a(Out2_1.o)
 .text.Out2_1_SetInterruptMode
                0x00000000       0x14 .\CortexM0\ARM_GCC_541\Debug\Exam1.a(Out2_1.o)
 .text.Out2_1_ClearInterrupt
                0x00000000       0x14 .\CortexM0\ARM_GCC_541\Debug\Exam1.a(Out2_1.o)
 .text          0x00000000        0x0 .\CortexM0\ARM_GCC_541\Debug\Exam1.a(Out2_2.o)
 .data          0x00000000        0x0 .\CortexM0\ARM_GCC_541\Debug\Exam1.a(Out2_2.o)
 .bss           0x00000000        0x0 .\CortexM0\ARM_GCC_541\Debug\Exam1.a(Out2_2.o)
 .text.Out2_2_SetDriveMode
                0x00000000       0x18 .\CortexM0\ARM_GCC_541\Debug\Exam1.a(Out2_2.o)
 .text.Out2_2_Write
                0x00000000       0x18 .\CortexM0\ARM_GCC_541\Debug\Exam1.a(Out2_2.o)
 .text.Out2_2_ReadDataReg
                0x00000000       0x10 .\CortexM0\ARM_GCC_541\Debug\Exam1.a(Out2_2.o)
 .text.Out2_2_SetInterruptMode
                0x00000000       0x14 .\CortexM0\ARM_GCC_541\Debug\Exam1.a(Out2_2.o)
 .text.Out2_2_ClearInterrupt
                0x00000000       0x14 .\CortexM0\ARM_GCC_541\Debug\Exam1.a(Out2_2.o)
 .text          0x00000000        0x0 .\CortexM0\ARM_GCC_541\Debug\Exam1.a(Out2_3.o)
 .data          0x00000000        0x0 .\CortexM0\ARM_GCC_541\Debug\Exam1.a(Out2_3.o)
 .bss           0x00000000        0x0 .\CortexM0\ARM_GCC_541\Debug\Exam1.a(Out2_3.o)
 .text.Out2_3_SetDriveMode
                0x00000000       0x14 .\CortexM0\ARM_GCC_541\Debug\Exam1.a(Out2_3.o)
 .text.Out2_3_Write
                0x00000000       0x18 .\CortexM0\ARM_GCC_541\Debug\Exam1.a(Out2_3.o)
 .text.Out2_3_ReadDataReg
                0x00000000       0x10 .\CortexM0\ARM_GCC_541\Debug\Exam1.a(Out2_3.o)
 .text.Out2_3_SetInterruptMode
                0x00000000       0x14 .\CortexM0\ARM_GCC_541\Debug\Exam1.a(Out2_3.o)
 .text.Out2_3_ClearInterrupt
                0x00000000       0x10 .\CortexM0\ARM_GCC_541\Debug\Exam1.a(Out2_3.o)
 .data          0x00000000        0x0 .\CortexM0\ARM_GCC_541\Debug\Exam1.a(CyBootAsmGnu.o)
 .bss           0x00000000        0x0 .\CortexM0\ARM_GCC_541\Debug\Exam1.a(CyBootAsmGnu.o)
 .text          0x00000000      0x114 c:/program files (x86)/cypress/psoc creator/4.4/psoc creator/import/gnu/arm/5.4.1/bin/../lib/gcc/arm-none-eabi/5.4.1/armv6-m\libgcc.a(_udivsi3.o)
 .data          0x00000000        0x0 c:/program files (x86)/cypress/psoc creator/4.4/psoc creator/import/gnu/arm/5.4.1/bin/../lib/gcc/arm-none-eabi/5.4.1/armv6-m\libgcc.a(_udivsi3.o)
 .bss           0x00000000        0x0 c:/program files (x86)/cypress/psoc creator/4.4/psoc creator/import/gnu/arm/5.4.1/bin/../lib/gcc/arm-none-eabi/5.4.1/armv6-m\libgcc.a(_udivsi3.o)
 .text          0x00000000      0x1d4 c:/program files (x86)/cypress/psoc creator/4.4/psoc creator/import/gnu/arm/5.4.1/bin/../lib/gcc/arm-none-eabi/5.4.1/armv6-m\libgcc.a(_divsi3.o)
 .data          0x00000000        0x0 c:/program files (x86)/cypress/psoc creator/4.4/psoc creator/import/gnu/arm/5.4.1/bin/../lib/gcc/arm-none-eabi/5.4.1/armv6-m\libgcc.a(_divsi3.o)
 .bss           0x00000000        0x0 c:/program files (x86)/cypress/psoc creator/4.4/psoc creator/import/gnu/arm/5.4.1/bin/../lib/gcc/arm-none-eabi/5.4.1/armv6-m\libgcc.a(_divsi3.o)
 .text          0x00000000        0x4 c:/program files (x86)/cypress/psoc creator/4.4/psoc creator/import/gnu/arm/5.4.1/bin/../lib/gcc/arm-none-eabi/5.4.1/armv6-m\libgcc.a(_dvmd_tls.o)
 .data          0x00000000        0x0 c:/program files (x86)/cypress/psoc creator/4.4/psoc creator/import/gnu/arm/5.4.1/bin/../lib/gcc/arm-none-eabi/5.4.1/armv6-m\libgcc.a(_dvmd_tls.o)
 .bss           0x00000000        0x0 c:/program files (x86)/cypress/psoc creator/4.4/psoc creator/import/gnu/arm/5.4.1/bin/../lib/gcc/arm-none-eabi/5.4.1/armv6-m\libgcc.a(_dvmd_tls.o)
 .text          0x00000000        0x0 c:/program files (x86)/cypress/psoc creator/4.4/psoc creator/import/gnu/arm/5.4.1/bin/../lib/gcc/arm-none-eabi/5.4.1/../../../../arm-none-eabi/lib/armv6-m\libg_nano.a(lib_a-errno.o)
 .data          0x00000000        0x0 c:/program files (x86)/cypress/psoc creator/4.4/psoc creator/import/gnu/arm/5.4.1/bin/../lib/gcc/arm-none-eabi/5.4.1/../../../../arm-none-eabi/lib/armv6-m\libg_nano.a(lib_a-errno.o)
 .bss           0x00000000        0x0 c:/program files (x86)/cypress/psoc creator/4.4/psoc creator/import/gnu/arm/5.4.1/bin/../lib/gcc/arm-none-eabi/5.4.1/../../../../arm-none-eabi/lib/armv6-m\libg_nano.a(lib_a-errno.o)
 .text          0x00000000        0x0 c:/program files (x86)/cypress/psoc creator/4.4/psoc creator/import/gnu/arm/5.4.1/bin/../lib/gcc/arm-none-eabi/5.4.1/../../../../arm-none-eabi/lib/armv6-m\libg_nano.a(lib_a-exit.o)
 .data          0x00000000        0x0 c:/program files (x86)/cypress/psoc creator/4.4/psoc creator/import/gnu/arm/5.4.1/bin/../lib/gcc/arm-none-eabi/5.4.1/../../../../arm-none-eabi/lib/armv6-m\libg_nano.a(lib_a-exit.o)
 .bss           0x00000000        0x0 c:/program files (x86)/cypress/psoc creator/4.4/psoc creator/import/gnu/arm/5.4.1/bin/../lib/gcc/arm-none-eabi/5.4.1/../../../../arm-none-eabi/lib/armv6-m\libg_nano.a(lib_a-exit.o)
 .text.exit     0x00000000       0x2c c:/program files (x86)/cypress/psoc creator/4.4/psoc creator/import/gnu/arm/5.4.1/bin/../lib/gcc/arm-none-eabi/5.4.1/../../../../arm-none-eabi/lib/armv6-m\libg_nano.a(lib_a-exit.o)
 .text          0x00000000        0x0 c:/program files (x86)/cypress/psoc creator/4.4/psoc creator/import/gnu/arm/5.4.1/bin/../lib/gcc/arm-none-eabi/5.4.1/../../../../arm-none-eabi/lib/armv6-m\libg_nano.a(lib_a-impure.o)
 .data          0x00000000        0x0 c:/program files (x86)/cypress/psoc creator/4.4/psoc creator/import/gnu/arm/5.4.1/bin/../lib/gcc/arm-none-eabi/5.4.1/../../../../arm-none-eabi/lib/armv6-m\libg_nano.a(lib_a-impure.o)
 .bss           0x00000000        0x0 c:/program files (x86)/cypress/psoc creator/4.4/psoc creator/import/gnu/arm/5.4.1/bin/../lib/gcc/arm-none-eabi/5.4.1/../../../../arm-none-eabi/lib/armv6-m\libg_nano.a(lib_a-impure.o)
 .rodata._global_impure_ptr
                0x00000000        0x4 c:/program files (x86)/cypress/psoc creator/4.4/psoc creator/import/gnu/arm/5.4.1/bin/../lib/gcc/arm-none-eabi/5.4.1/../../../../arm-none-eabi/lib/armv6-m\libg_nano.a(lib_a-impure.o)
 .text          0x00000000        0x0 c:/program files (x86)/cypress/psoc creator/4.4/psoc creator/import/gnu/arm/5.4.1/bin/../lib/gcc/arm-none-eabi/5.4.1/../../../../arm-none-eabi/lib/armv6-m\libg_nano.a(lib_a-init.o)
 .data          0x00000000        0x0 c:/program files (x86)/cypress/psoc creator/4.4/psoc creator/import/gnu/arm/5.4.1/bin/../lib/gcc/arm-none-eabi/5.4.1/../../../../arm-none-eabi/lib/armv6-m\libg_nano.a(lib_a-init.o)
 .bss           0x00000000        0x0 c:/program files (x86)/cypress/psoc creator/4.4/psoc creator/import/gnu/arm/5.4.1/bin/../lib/gcc/arm-none-eabi/5.4.1/../../../../arm-none-eabi/lib/armv6-m\libg_nano.a(lib_a-init.o)
 .text          0x00000000        0x0 c:/program files (x86)/cypress/psoc creator/4.4/psoc creator/import/gnu/arm/5.4.1/bin/../lib/gcc/arm-none-eabi/5.4.1/../../../../arm-none-eabi/lib/armv6-m\libg_nano.a(lib_a-memset.o)
 .data          0x00000000        0x0 c:/program files (x86)/cypress/psoc creator/4.4/psoc creator/import/gnu/arm/5.4.1/bin/../lib/gcc/arm-none-eabi/5.4.1/../../../../arm-none-eabi/lib/armv6-m\libg_nano.a(lib_a-memset.o)
 .bss           0x00000000        0x0 c:/program files (x86)/cypress/psoc creator/4.4/psoc creator/import/gnu/arm/5.4.1/bin/../lib/gcc/arm-none-eabi/5.4.1/../../../../arm-none-eabi/lib/armv6-m\libg_nano.a(lib_a-memset.o)
 .text          0x00000000        0x0 c:/program files (x86)/cypress/psoc creator/4.4/psoc creator/import/gnu/arm/5.4.1/bin/../lib/gcc/arm-none-eabi/5.4.1/armv6-m/crtend.o
 .data          0x00000000        0x0 c:/program files (x86)/cypress/psoc creator/4.4/psoc creator/import/gnu/arm/5.4.1/bin/../lib/gcc/arm-none-eabi/5.4.1/armv6-m/crtend.o
 .bss           0x00000000        0x0 c:/program files (x86)/cypress/psoc creator/4.4/psoc creator/import/gnu/arm/5.4.1/bin/../lib/gcc/arm-none-eabi/5.4.1/armv6-m/crtend.o
 .text          0x00000000        0x0 c:/program files (x86)/cypress/psoc creator/4.4/psoc creator/import/gnu/arm/5.4.1/bin/../lib/gcc/arm-none-eabi/5.4.1/armv6-m/crtn.o
 .data          0x00000000        0x0 c:/program files (x86)/cypress/psoc creator/4.4/psoc creator/import/gnu/arm/5.4.1/bin/../lib/gcc/arm-none-eabi/5.4.1/armv6-m/crtn.o
 .bss           0x00000000        0x0 c:/program files (x86)/cypress/psoc creator/4.4/psoc creator/import/gnu/arm/5.4.1/bin/../lib/gcc/arm-none-eabi/5.4.1/armv6-m/crtn.o

Memory Configuration

Name             Origin             Length             Attributes
rom              0x00000000         0x00040000         xr
ram              0x20000000         0x00008000         xrw
*default*        0x00000000         0xffffffff

Linker script and memory map

LOAD c:/program files (x86)/cypress/psoc creator/4.4/psoc creator/import/gnu/arm/5.4.1/bin/../lib/gcc/arm-none-eabi/5.4.1/armv6-m/crti.o
LOAD c:/program files (x86)/cypress/psoc creator/4.4/psoc creator/import/gnu/arm/5.4.1/bin/../lib/gcc/arm-none-eabi/5.4.1/armv6-m/crtbegin.o
LOAD c:/program files (x86)/cypress/psoc creator/4.4/psoc creator/import/gnu/arm/5.4.1/bin/../lib/gcc/arm-none-eabi/5.4.1/../../../../arm-none-eabi/lib/armv6-m/crt0.o
START GROUP
LOAD .\CortexM0\ARM_GCC_541\Debug\main.o
LOAD .\CortexM0\ARM_GCC_541\Debug\cyfitter_cfg.o
LOAD .\CortexM0\ARM_GCC_541\Debug\cymetadata.o
LOAD .\CortexM0\ARM_GCC_541\Debug\Cm0Start.o
LOAD .\CortexM0\ARM_GCC_541\Debug\Exam1.a
END GROUP
START GROUP
LOAD c:/program files (x86)/cypress/psoc creator/4.4/psoc creator/import/gnu/arm/5.4.1/bin/../lib/gcc/arm-none-eabi/5.4.1/armv6-m\libgcc.a
LOAD c:/program files (x86)/cypress/psoc creator/4.4/psoc creator/import/gnu/arm/5.4.1/bin/../lib/gcc/arm-none-eabi/5.4.1/../../../../arm-none-eabi/lib/armv6-m\libg_nano.a
LOAD c:/program files (x86)/cypress/psoc creator/4.4/psoc creator/import/gnu/arm/5.4.1/bin/../lib/gcc/arm-none-eabi/5.4.1/../../../../arm-none-eabi/lib/armv6-m\libc_nano.a
END GROUP
START GROUP
LOAD c:/program files (x86)/cypress/psoc creator/4.4/psoc creator/import/gnu/arm/5.4.1/bin/../lib/gcc/arm-none-eabi/5.4.1/armv6-m\libgcc.a
LOAD c:/program files (x86)/cypress/psoc creator/4.4/psoc creator/import/gnu/arm/5.4.1/bin/../lib/gcc/arm-none-eabi/5.4.1/../../../../arm-none-eabi/lib/armv6-m\libc_nano.a
END GROUP
LOAD c:/program files (x86)/cypress/psoc creator/4.4/psoc creator/import/gnu/arm/5.4.1/bin/../lib/gcc/arm-none-eabi/5.4.1/armv6-m/crtend.o
LOAD c:/program files (x86)/cypress/psoc creator/4.4/psoc creator/import/gnu/arm/5.4.1/bin/../lib/gcc/arm-none-eabi/5.4.1/armv6-m/crtn.o
START GROUP
LOAD c:/program files (x86)/cypress/psoc creator/4.4/psoc creator/import/gnu/arm/5.4.1/bin/../lib/gcc/arm-none-eabi/5.4.1/armv6-m\libgcc.a
LOAD c:/program files (x86)/cypress/psoc creator/4.4/psoc creator/import/gnu/arm/5.4.1/bin/../lib/gcc/arm-none-eabi/5.4.1/../../../../arm-none-eabi/lib/armv6-m\libc.a
LOAD c:/program files (x86)/cypress/psoc creator/4.4/psoc creator/import/gnu/arm/5.4.1/bin/../lib/gcc/arm-none-eabi/5.4.1/../../../../arm-none-eabi/lib/armv6-m\libnosys.a
END GROUP
                0x00000000                CY_APPL_ORIGIN = 0x0
                0x00000100                CY_FLASH_ROW_SIZE = 0x100
                0x00000001                CY_APPL_NUM = 0x1
                0x00000001                CY_APPL_MAX = 0x1
                0x00000040                CY_METADATA_SIZE = 0x40
                0x00000000                CY_APPL_LOADABLE = 0x0
                0x00000000                CY_CHECKSUM_EXCLUDE_SIZE = ALIGN (0x0, CY_FLASH_ROW_SIZE)
                0x00000000                CY_APP_FOR_STACK_AND_COPIER = 0x0
                [!provide]                PROVIDE (__cy_heap_start, _end)
                0x00000001                PROVIDE (__cy_region_num, ((__cy_regions_end - __cy_regions) / 0x10))
                0x20008000                PROVIDE (__cy_stack, (ORIGIN (ram) + LENGTH (ram)))
                [!provide]                PROVIDE (__cy_heap_end, (__cy_stack - 0x800))

.cybootloader   0x00000000        0x0
 *(.cybootloader)
                0x00000000                appl1_start = CY_APPL_ORIGIN?CY_APPL_ORIGIN:ALIGN (CY_FLASH_ROW_SIZE)
                0x0001ff00                appl2_start = (appl1_start + ALIGN ((((LENGTH (rom) - appl1_start) - (0x2 * CY_FLASH_ROW_SIZE)) / 0x2), CY_FLASH_ROW_SIZE))
                0x00000000                appl_start = (CY_APPL_NUM == 0x1)?appl1_start:appl2_start
                0x00000001                cy_project_type_bootloader = (appl_start == 0x0)?0x1:0x0
                0x00000000                cy_project_type_app_for_stack_and_copier = (CY_APP_FOR_STACK_AND_COPIER == 0x1)?0x1:0x0

.text           0x00000000      0x930
 CREATE_OBJECT_SYMBOLS
                0x00000000                PROVIDE (__cy_interrupt_vector, RomVectors)
 *(.romvectors)
 .romvectors    0x00000000       0x10 .\CortexM0\ARM_GCC_541\Debug\Cm0Start.o
                0x00000000                RomVectors
                0x00000001                ASSERT ((. != __cy_interrupt_vector), No interrupt vector)
                0x00000001                ASSERT (CY_APPL_ORIGIN?(SIZEOF (.cybootloader) <= CY_APPL_ORIGIN):0x1, Wrong image location)
                0x00000010                PROVIDE (__cy_reset, Reset)
 *(.text.Reset)
 .text.Reset    0x00000010        0x8 .\CortexM0\ARM_GCC_541\Debug\Cm0Start.o
                0x00000010                Reset
                0x00000001                ASSERT ((. != __cy_reset), No reset code)
 *(.psocinit)
 .psocinit      0x00000018      0x144 .\CortexM0\ARM_GCC_541\Debug\cyfitter_cfg.o
                0x000000cc                cyfitter_cfg
                0x0000015c                . = MAX (., 0x100)
 *(.text .text.* .gnu.linkonce.t.*)
 .text          0x0000015c       0x60 c:/program files (x86)/cypress/psoc creator/4.4/psoc creator/import/gnu/arm/5.4.1/bin/../lib/gcc/arm-none-eabi/5.4.1/armv6-m/crtbegin.o
 .text.readPorts1
                0x000001bc       0x30 .\CortexM0\ARM_GCC_541\Debug\main.o
                0x000001bc                readPorts1
 .text.readPorts2
                0x000001ec       0x30 .\CortexM0\ARM_GCC_541\Debug\main.o
                0x000001ec                readPorts2
 .text.main     0x0000021c       0x8c .\CortexM0\ARM_GCC_541\Debug\main.o
                0x0000021c                main
 .text.AnalogSetDefault
                0x000002a8       0x20 .\CortexM0\ARM_GCC_541\Debug\cyfitter_cfg.o
 .text.CYMEMZERO
                0x000002c8        0xc .\CortexM0\ARM_GCC_541\Debug\cyfitter_cfg.o
 .text.IntDefaultHandler
                0x000002d4       0x10 .\CortexM0\ARM_GCC_541\Debug\Cm0Start.o
                0x000002d4                IntDefaultHandler
 .text.Start_c  0x000002e4       0x48 .\CortexM0\ARM_GCC_541\Debug\Cm0Start.o
                0x000002e4                Start_c
 .text.initialize_psoc
                0x0000032c       0x4c .\CortexM0\ARM_GCC_541\Debug\Cm0Start.o
                0x0000032c                initialize_psoc
 .text.In1_Write
                0x00000378       0x18 .\CortexM0\ARM_GCC_541\Debug\Exam1.a(In1.o)
                0x00000378                In1_Write
 .text.In2_Write
                0x00000390       0x18 .\CortexM0\ARM_GCC_541\Debug\Exam1.a(In2.o)
                0x00000390                In2_Write
 .text.CySysClkEcoReadStatus
                0x000003a8       0x10 .\CortexM0\ARM_GCC_541\Debug\Exam1.a(CyLib.o)
                0x000003a8                CySysClkEcoReadStatus
 .text.CyIntEnable
                0x000003b8       0x14 .\CortexM0\ARM_GCC_541\Debug\Exam1.a(CyLib.o)
                0x000003b8                CyIntEnable
 .text.CyHalt   0x000003cc        0x4 .\CortexM0\ARM_GCC_541\Debug\Exam1.a(CyLib.o)
                0x000003cc                CyHalt
 .text.CyIntSetVector
                0x000003d0       0x24 .\CortexM0\ARM_GCC_541\Debug\Exam1.a(CyLib.o)
                0x000003d0                CyIntSetVector
 .text.CyDelay  0x000003f4       0x30 .\CortexM0\ARM_GCC_541\Debug\Exam1.a(CyLib.o)
                0x000003f4                CyDelay
 .text.CyDelayUs
                0x00000424       0x14 .\CortexM0\ARM_GCC_541\Debug\Exam1.a(CyLib.o)
                0x00000424                CyDelayUs
 .text.CySysClkWriteImoFreq
                0x00000438      0x164 .\CortexM0\ARM_GCC_541\Debug\Exam1.a(CyLib.o)
                0x00000438                CySysClkWriteImoFreq
 .text.CySysClkEcoStart
                0x0000059c       0x54 .\CortexM0\ARM_GCC_541\Debug\Exam1.a(CyLib.o)
                0x0000059c                CySysClkEcoStart
 .text.CySysWdtLocked
                0x000005f0       0x14 .\CortexM0\ARM_GCC_541\Debug\Exam1.a(CyLFClk.o)
 .text.CySysClkWcoStart
                0x00000604       0x40 .\CortexM0\ARM_GCC_541\Debug\Exam1.a(CyLFClk.o)
                0x00000604                CySysClkWcoStart
 .text.CySysClkWcoSetPowerMode
                0x00000644       0x80 .\CortexM0\ARM_GCC_541\Debug\Exam1.a(CyLFClk.o)
                0x00000644                CySysClkWcoSetPowerMode
 .text.CySysWdtLock
                0x000006c4       0x1c .\CortexM0\ARM_GCC_541\Debug\Exam1.a(CyLFClk.o)
                0x000006c4                CySysWdtLock
 .text.CySysWdtUnlock
                0x000006e0       0x30 .\CortexM0\ARM_GCC_541\Debug\Exam1.a(CyLFClk.o)
                0x000006e0                CySysWdtUnlock
 .text.CySysWdtClearInterrupt
                0x00000710       0x4c .\CortexM0\ARM_GCC_541\Debug\Exam1.a(CyLFClk.o)
                0x00000710                CySysWdtClearInterrupt
 .text.CySysWdtIsr
                0x0000075c       0xa4 .\CortexM0\ARM_GCC_541\Debug\Exam1.a(CyLFClk.o)
                0x0000075c                CySysWdtIsr
 .text.Out1_1_Read
                0x00000800       0x10 .\CortexM0\ARM_GCC_541\Debug\Exam1.a(Out1_1.o)
                0x00000800                Out1_1_Read
 .text.Out1_2_Read
                0x00000810       0x10 .\CortexM0\ARM_GCC_541\Debug\Exam1.a(Out1_2.o)
                0x00000810                Out1_2_Read
 .text.Out1_3_Read
                0x00000820       0x10 .\CortexM0\ARM_GCC_541\Debug\Exam1.a(Out1_3.o)
                0x00000820                Out1_3_Read
 .text.Result_Write
                0x00000830       0x18 .\CortexM0\ARM_GCC_541\Debug\Exam1.a(Result.o)
                0x00000830                Result_Write
 .text.In1_2_Write
                0x00000848       0x18 .\CortexM0\ARM_GCC_541\Debug\Exam1.a(In1_2.o)
                0x00000848                In1_2_Write
 .text.In2_2_Write
                0x00000860       0x18 .\CortexM0\ARM_GCC_541\Debug\Exam1.a(In2_2.o)
                0x00000860                In2_2_Write
 .text.Out2_1_Read
                0x00000878       0x10 .\CortexM0\ARM_GCC_541\Debug\Exam1.a(Out2_1.o)
                0x00000878                Out2_1_Read
 .text.Out2_2_Read
                0x00000888       0x10 .\CortexM0\ARM_GCC_541\Debug\Exam1.a(Out2_2.o)
                0x00000888                Out2_2_Read
 .text.Out2_3_Read
                0x00000898       0x10 .\CortexM0\ARM_GCC_541\Debug\Exam1.a(Out2_3.o)
                0x00000898                Out2_3_Read
 .text          0x000008a8       0x20 .\CortexM0\ARM_GCC_541\Debug\Exam1.a(CyBootAsmGnu.o)
                0x000008a8                CyDelayCycles
                0x000008ba                CyEnterCriticalSection
                0x000008c2                CyExitCriticalSection
 .text.__errno  0x000008c8        0xc c:/program files (x86)/cypress/psoc creator/4.4/psoc creator/import/gnu/arm/5.4.1/bin/../lib/gcc/arm-none-eabi/5.4.1/../../../../arm-none-eabi/lib/armv6-m\libg_nano.a(lib_a-errno.o)
                0x000008c8                __errno
 .text.__libc_init_array
                0x000008d4       0x4c c:/program files (x86)/cypress/psoc creator/4.4/psoc creator/import/gnu/arm/5.4.1/bin/../lib/gcc/arm-none-eabi/5.4.1/../../../../arm-none-eabi/lib/armv6-m\libg_nano.a(lib_a-init.o)
                0x000008d4                __libc_init_array
 .text.memset   0x00000920       0x10 c:/program files (x86)/cypress/psoc creator/4.4/psoc creator/import/gnu/arm/5.4.1/bin/../lib/gcc/arm-none-eabi/5.4.1/../../../../arm-none-eabi/lib/armv6-m\libg_nano.a(lib_a-memset.o)
                0x00000920                memset
 *(.plt)
 *(.gnu.warning)
 *(.glue_7t)
 .glue_7t       0x00000930        0x0 linker stubs
 *(.glue_7)
 .glue_7        0x00000930        0x0 linker stubs
 *(.vfp11_veneer)
 .vfp11_veneer  0x00000930        0x0 linker stubs
 *(.bootloader)
 *(.ARM.extab* .gnu.linkonce.armextab.*)
 *(.gcc_except_table)

.v4_bx          0x00000930        0x0
 .v4_bx         0x00000930        0x0 linker stubs

.iplt           0x00000930        0x0
 .iplt          0x00000930        0x0 c:/program files (x86)/cypress/psoc creator/4.4/psoc creator/import/gnu/arm/5.4.1/bin/../lib/gcc/arm-none-eabi/5.4.1/armv6-m/crtbegin.o

.eh_frame_hdr
 *(.eh_frame_hdr)

.eh_frame       0x00000930        0x4
 *(.eh_frame)
 .eh_frame      0x00000930        0x0 c:/program files (x86)/cypress/psoc creator/4.4/psoc creator/import/gnu/arm/5.4.1/bin/../lib/gcc/arm-none-eabi/5.4.1/armv6-m/crtbegin.o
 .eh_frame      0x00000930        0x4 c:/program files (x86)/cypress/psoc creator/4.4/psoc creator/import/gnu/arm/5.4.1/bin/../lib/gcc/arm-none-eabi/5.4.1/armv6-m/crtend.o
                [!provide]                PROVIDE (__exidx_start, .)

.ARM.exidx
 *(.ARM.exidx* .gnu.linkonce.armexidx.*)
                0x00000934                __exidx_end = .

.rodata         0x00000934       0x74
 *(.rodata .rodata.* .gnu.linkonce.r.*)
 .rodata        0x00000934        0xc .\CortexM0\ARM_GCC_541\Debug\cyfitter_cfg.o
 .rodata        0x00000940       0x2e .\CortexM0\ARM_GCC_541\Debug\Exam1.a(CyLib.o)
                0x00000940                cyImoFreqMhz2Reg
 .rodata.str1.1
                0x0000096e        0x2 c:/program files (x86)/cypress/psoc creator/4.4/psoc creator/import/gnu/arm/5.4.1/bin/../lib/gcc/arm-none-eabi/5.4.1/../../../../arm-none-eabi/lib/armv6-m\libg_nano.a(lib_a-impure.o)
                0x00000970                . = ALIGN (0x4)
 *(.init)
 .init          0x00000970        0x4 c:/program files (x86)/cypress/psoc creator/4.4/psoc creator/import/gnu/arm/5.4.1/bin/../lib/gcc/arm-none-eabi/5.4.1/armv6-m/crti.o
                0x00000970                _init
 .init          0x00000974        0x8 c:/program files (x86)/cypress/psoc creator/4.4/psoc creator/import/gnu/arm/5.4.1/bin/../lib/gcc/arm-none-eabi/5.4.1/armv6-m/crtn.o
                0x0000097c                . = ALIGN (0x4)
                0x0000097c                __preinit_array_start = .
 *(.preinit_array)
                0x0000097c                __preinit_array_end = .
                0x0000097c                . = ALIGN (0x4)
                0x0000097c                __init_array_start = .
 *(SORT(.init_array.*))
 *(.init_array)
 .init_array    0x0000097c        0x4 c:/program files (x86)/cypress/psoc creator/4.4/psoc creator/import/gnu/arm/5.4.1/bin/../lib/gcc/arm-none-eabi/5.4.1/armv6-m/crtbegin.o
 .init_array    0x00000980        0x4 .\CortexM0\ARM_GCC_541\Debug\Cm0Start.o
                0x00000984                __init_array_end = .
                0x00000984                . = ALIGN (0x4)
 *(.fini)
 .fini          0x00000984        0x4 c:/program files (x86)/cypress/psoc creator/4.4/psoc creator/import/gnu/arm/5.4.1/bin/../lib/gcc/arm-none-eabi/5.4.1/armv6-m/crti.o
                0x00000984                _fini
 .fini          0x00000988        0x8 c:/program files (x86)/cypress/psoc creator/4.4/psoc creator/import/gnu/arm/5.4.1/bin/../lib/gcc/arm-none-eabi/5.4.1/armv6-m/crtn.o
                0x00000990                . = ALIGN (0x4)
                0x00000990                __fini_array_start = .
 *(.fini_array)
 .fini_array    0x00000990        0x4 c:/program files (x86)/cypress/psoc creator/4.4/psoc creator/import/gnu/arm/5.4.1/bin/../lib/gcc/arm-none-eabi/5.4.1/armv6-m/crtbegin.o
 *(SORT(.fini_array.*))
                0x00000994                __fini_array_end = .
                0x00000994                . = ALIGN (0x4)
 *crtbegin.o(.ctors)
 *(EXCLUDE_FILE(*crtend.o) .ctors)
 *(SORT(.ctors.*))
 *crtend.o(.ctors)
                0x00000994                . = ALIGN (0x4)
 *crtbegin.o(.dtors)
 *(EXCLUDE_FILE(*crtend.o) .dtors)
 *(SORT(.dtors.*))
 *crtend.o(.dtors)
                0x00000994                . = ALIGN (0x4)
                0x00000994                __cy_regions = .
                0x00000994        0x4 LONG 0x9a8 __cy_region_init_ram
                0x00000998        0x4 LONG 0x200000c0 __cy_region_start_data
                0x0000099c        0x4 LONG 0x88 __cy_region_init_size_ram
                0x000009a0        0x4 LONG 0x48 __cy_region_zero_size_ram
                0x000009a4                __cy_regions_end = .
                0x000009a8                . = ALIGN (0x8)
 *fill*         0x000009a4        0x4 
                0x000009a8                _etext = .

.cy_checksum_exclude
                0x000009a8        0x0
 *(.cy_checksum_exclude)

.ramvectors     0x20000000       0xc0
                0x20000000                __cy_region_start_ram = .
 *(.ramvectors)
 .ramvectors    0x20000000       0xc0 .\CortexM0\ARM_GCC_541\Debug\Cm0Start.o
                0x20000000                CyRamVectors

.noinit
 *(.noinit)

.data           0x200000c0       0x88 load address 0x000009a8
                0x200000c0                __cy_region_start_data = .
 *(.jcr)
 .jcr           0x200000c0        0x0 c:/program files (x86)/cypress/psoc creator/4.4/psoc creator/import/gnu/arm/5.4.1/bin/../lib/gcc/arm-none-eabi/5.4.1/armv6-m/crtbegin.o
 .jcr           0x200000c0        0x4 c:/program files (x86)/cypress/psoc creator/4.4/psoc creator/import/gnu/arm/5.4.1/bin/../lib/gcc/arm-none-eabi/5.4.1/armv6-m/crtend.o
 *(.got.plt)
 *(.got)
 *(.shdata)
 *(.data .data.* .gnu.linkonce.d.*)
 .data          0x200000c4       0x14 .\CortexM0\ARM_GCC_541\Debug\Exam1.a(CyLib.o)
                0x200000c4                CySysClkPumpConfig
                0x200000c8                cydelay32kMs
                0x200000cc                cydelayFreqKhz
                0x200000d0                cydelayFreqMhz
                0x200000d4                cydelayFreqHz
 .data          0x200000d8        0x8 .\CortexM0\ARM_GCC_541\Debug\Exam1.a(CyLFClk.o)
 .data.impure_data
                0x200000e0       0x60 c:/program files (x86)/cypress/psoc creator/4.4/psoc creator/import/gnu/arm/5.4.1/bin/../lib/gcc/arm-none-eabi/5.4.1/../../../../arm-none-eabi/lib/armv6-m\libg_nano.a(lib_a-impure.o)
 .data._impure_ptr
                0x20000140        0x4 c:/program files (x86)/cypress/psoc creator/4.4/psoc creator/import/gnu/arm/5.4.1/bin/../lib/gcc/arm-none-eabi/5.4.1/../../../../arm-none-eabi/lib/armv6-m\libg_nano.a(lib_a-impure.o)
                0x20000140                _impure_ptr
                0x20000148                . = ALIGN (0x8)
 *fill*         0x20000144        0x4 
 *(.ram)
                0x20000148                _edata = .

.igot.plt       0x20000148        0x0 load address 0x00000a30
 .igot.plt      0x20000148        0x0 c:/program files (x86)/cypress/psoc creator/4.4/psoc creator/import/gnu/arm/5.4.1/bin/../lib/gcc/arm-none-eabi/5.4.1/armv6-m/crtbegin.o

.bss            0x20000148       0x48 load address 0x00000a30
                0x20000148                PROVIDE (__bss_start__, .)
 *(.shbss)
 *(.bss .bss.* .gnu.linkonce.b.*)
 .bss           0x20000148       0x1c c:/program files (x86)/cypress/psoc creator/4.4/psoc creator/import/gnu/arm/5.4.1/bin/../lib/gcc/arm-none-eabi/5.4.1/armv6-m/crtbegin.o
 .bss           0x20000164       0x28 .\CortexM0\ARM_GCC_541\Debug\Exam1.a(CyLFClk.o)
 *(COMMON)
                0x20000190                . = ALIGN (0x8)
 *fill*         0x2000018c        0x4 
 *(.ram.b)
                0x20000190                _end = .
                0x20000190                __end = .
                0x20000190                PROVIDE (end, .)
                0x20000190                PROVIDE (__bss_end__, .)
                0x000009a8                __cy_region_init_ram = LOADADDR (.data)
                0x00000088                __cy_region_init_size_ram = (_edata - ADDR (.data))
                0x00000048                __cy_region_zero_size_ram = (_end - _edata)

.heap           0x20000190       0x80 load address 0x00000a30
                0x20000190                . = _end
                0x20000210                . = (. + 0x80)
 *fill*         0x20000190       0x80 
                0x20000210                __cy_heap_limit = .

.stack          0x20007800      0x800
                0x20007800                __cy_stack_limit = .
                0x20008000                . = (. + 0x800)
 *fill*         0x20007800      0x800 
                0x00000001                ASSERT ((__cy_stack_limit >= __cy_heap_limit), region RAM overflowed with stack)
                0x00000000                cy_checksum_exclude_size = (CY_APPL_LOADABLE == 0x1)?SIZEOF (.cy_checksum_exclude):0x0
                0x00000001                ASSERT ((cy_checksum_exclude_size <= CY_CHECKSUM_EXCLUDE_SIZE), CY_BOOT: Section .cy_checksum_exclude size exceedes specified limit.)
                0x0003ffc0                cyloadermeta_start = (cy_project_type_bootloader || cy_project_type_app_for_stack_and_copier)?(LENGTH (rom) - CY_METADATA_SIZE):0xf0000000

.cyloadermeta
 *(.cyloadermeta)
                0x0003ffc0                cyloadablemeta_start = cy_project_type_app_for_stack_and_copier?((LENGTH (rom) - CY_FLASH_ROW_SIZE) - CY_METADATA_SIZE):((LENGTH (rom) - (CY_FLASH_ROW_SIZE * (CY_APPL_NUM - 0x1))) - CY_METADATA_SIZE)

.cyloadablemeta
 *(.cyloadablemeta)

.cyflashprotect
                0x90400000       0x80
 *(.cyflashprotect)
 .cyflashprotect
                0x90400000       0x80 .\CortexM0\ARM_GCC_541\Debug\cymetadata.o
                0x90400000                cy_meta_flashprotect

.cymeta         0x90500000        0xc
 *(.cymeta)
 .cymeta        0x90500000        0xc .\CortexM0\ARM_GCC_541\Debug\cymetadata.o
                0x90500000                cy_metadata

.cychipprotect  0x90600000        0x1
 *(.cychipprotect)
 .cychipprotect
                0x90600000        0x1 .\CortexM0\ARM_GCC_541\Debug\cymetadata.o
                0x90600000                cy_meta_chipprotect

.rel.dyn        0x00000a30        0x0 load address 0x90600004
 .rel.iplt      0x00000a30        0x0 c:/program files (x86)/cypress/psoc creator/4.4/psoc creator/import/gnu/arm/5.4.1/bin/../lib/gcc/arm-none-eabi/5.4.1/armv6-m/crtbegin.o

.stab
 *(.stab)

.stabstr
 *(.stabstr)

.debug
 *(.debug)

.line
 *(.line)

.debug_srcinfo
 *(.debug_srcinfo)

.debug_sfnames
 *(.debug_sfnames)

.debug_aranges  0x00000000      0x758
 *(.debug_aranges)
 .debug_aranges
                0x00000000       0x30 .\CortexM0\ARM_GCC_541\Debug\main.o
 .debug_aranges
                0x00000030       0x38 .\CortexM0\ARM_GCC_541\Debug\cyfitter_cfg.o
 .debug_aranges
                0x00000068       0x18 .\CortexM0\ARM_GCC_541\Debug\cymetadata.o
 .debug_aranges
                0x00000080       0x48 .\CortexM0\ARM_GCC_541\Debug\Cm0Start.o
 .debug_aranges
                0x000000c8       0x48 .\CortexM0\ARM_GCC_541\Debug\Exam1.a(In1.o)
 .debug_aranges
                0x00000110       0x48 .\CortexM0\ARM_GCC_541\Debug\Exam1.a(In2.o)
 .debug_aranges
                0x00000158      0x1d0 .\CortexM0\ARM_GCC_541\Debug\Exam1.a(CyLib.o)
 .debug_aranges
                0x00000328      0x188 .\CortexM0\ARM_GCC_541\Debug\Exam1.a(CyLFClk.o)
 .debug_aranges
                0x000004b0       0x48 .\CortexM0\ARM_GCC_541\Debug\Exam1.a(Out1_1.o)
 .debug_aranges
                0x000004f8       0x48 .\CortexM0\ARM_GCC_541\Debug\Exam1.a(Out1_2.o)
 .debug_aranges
                0x00000540       0x48 .\CortexM0\ARM_GCC_541\Debug\Exam1.a(Out1_3.o)
 .debug_aranges
                0x00000588       0x48 .\CortexM0\ARM_GCC_541\Debug\Exam1.a(Result.o)
 .debug_aranges
                0x000005d0       0x48 .\CortexM0\ARM_GCC_541\Debug\Exam1.a(In1_2.o)
 .debug_aranges
                0x00000618       0x48 .\CortexM0\ARM_GCC_541\Debug\Exam1.a(In2_2.o)
 .debug_aranges
                0x00000660       0x48 .\CortexM0\ARM_GCC_541\Debug\Exam1.a(Out2_1.o)
 .debug_aranges
                0x000006a8       0x48 .\CortexM0\ARM_GCC_541\Debug\Exam1.a(Out2_2.o)
 .debug_aranges
                0x000006f0       0x48 .\CortexM0\ARM_GCC_541\Debug\Exam1.a(Out2_3.o)
 .debug_aranges
                0x00000738       0x20 .\CortexM0\ARM_GCC_541\Debug\Exam1.a(CyBootAsmGnu.o)

.debug_pubnames
 *(.debug_pubnames)

.debug_info     0x00000000     0x3ab6
 *(.debug_info .gnu.linkonce.wi.*)
 .debug_info    0x00000000      0x316 .\CortexM0\ARM_GCC_541\Debug\main.o
 .debug_info    0x00000316      0x32d .\CortexM0\ARM_GCC_541\Debug\cyfitter_cfg.o
 .debug_info    0x00000643       0xf8 .\CortexM0\ARM_GCC_541\Debug\cymetadata.o
 .debug_info    0x0000073b      0x3a2 .\CortexM0\ARM_GCC_541\Debug\Cm0Start.o
 .debug_info    0x00000add      0x19d .\CortexM0\ARM_GCC_541\Debug\Exam1.a(In1.o)
 .debug_info    0x00000c7a      0x19d .\CortexM0\ARM_GCC_541\Debug\Exam1.a(In2.o)
 .debug_info    0x00000e17      0xd2c .\CortexM0\ARM_GCC_541\Debug\Exam1.a(CyLib.o)
 .debug_info    0x00001b43     0x1071 .\CortexM0\ARM_GCC_541\Debug\Exam1.a(CyLFClk.o)
 .debug_info    0x00002bb4      0x19d .\CortexM0\ARM_GCC_541\Debug\Exam1.a(Out1_1.o)
 .debug_info    0x00002d51      0x19d .\CortexM0\ARM_GCC_541\Debug\Exam1.a(Out1_2.o)
 .debug_info    0x00002eee      0x19d .\CortexM0\ARM_GCC_541\Debug\Exam1.a(Out1_3.o)
 .debug_info    0x0000308b      0x19d .\CortexM0\ARM_GCC_541\Debug\Exam1.a(Result.o)
 .debug_info    0x00003228      0x19b .\CortexM0\ARM_GCC_541\Debug\Exam1.a(In1_2.o)
 .debug_info    0x000033c3      0x19d .\CortexM0\ARM_GCC_541\Debug\Exam1.a(In2_2.o)
 .debug_info    0x00003560      0x19d .\CortexM0\ARM_GCC_541\Debug\Exam1.a(Out2_1.o)
 .debug_info    0x000036fd      0x19d .\CortexM0\ARM_GCC_541\Debug\Exam1.a(Out2_2.o)
 .debug_info    0x0000389a      0x19b .\CortexM0\ARM_GCC_541\Debug\Exam1.a(Out2_3.o)
 .debug_info    0x00003a35       0x81 .\CortexM0\ARM_GCC_541\Debug\Exam1.a(CyBootAsmGnu.o)

.debug_abbrev   0x00000000     0x114c
 *(.debug_abbrev)
 .debug_abbrev  0x00000000       0xeb .\CortexM0\ARM_GCC_541\Debug\main.o
 .debug_abbrev  0x000000eb      0x166 .\CortexM0\ARM_GCC_541\Debug\cyfitter_cfg.o
 .debug_abbrev  0x00000251       0x5d .\CortexM0\ARM_GCC_541\Debug\cymetadata.o
 .debug_abbrev  0x000002ae      0x1d7 .\CortexM0\ARM_GCC_541\Debug\Cm0Start.o
 .debug_abbrev  0x00000485       0xc8 .\CortexM0\ARM_GCC_541\Debug\Exam1.a(In1.o)
 .debug_abbrev  0x0000054d       0xc8 .\CortexM0\ARM_GCC_541\Debug\Exam1.a(In2.o)
 .debug_abbrev  0x00000615      0x1d3 .\CortexM0\ARM_GCC_541\Debug\Exam1.a(CyLib.o)
 .debug_abbrev  0x000007e8      0x248 .\CortexM0\ARM_GCC_541\Debug\Exam1.a(CyLFClk.o)
 .debug_abbrev  0x00000a30       0xc8 .\CortexM0\ARM_GCC_541\Debug\Exam1.a(Out1_1.o)
 .debug_abbrev  0x00000af8       0xc8 .\CortexM0\ARM_GCC_541\Debug\Exam1.a(Out1_2.o)
 .debug_abbrev  0x00000bc0       0xc8 .\CortexM0\ARM_GCC_541\Debug\Exam1.a(Out1_3.o)
 .debug_abbrev  0x00000c88       0xc8 .\CortexM0\ARM_GCC_541\Debug\Exam1.a(Result.o)
 .debug_abbrev  0x00000d50       0xc8 .\CortexM0\ARM_GCC_541\Debug\Exam1.a(In1_2.o)
 .debug_abbrev  0x00000e18       0xc8 .\CortexM0\ARM_GCC_541\Debug\Exam1.a(In2_2.o)
 .debug_abbrev  0x00000ee0       0xc8 .\CortexM0\ARM_GCC_541\Debug\Exam1.a(Out2_1.o)
 .debug_abbrev  0x00000fa8       0xc8 .\CortexM0\ARM_GCC_541\Debug\Exam1.a(Out2_2.o)
 .debug_abbrev  0x00001070       0xc8 .\CortexM0\ARM_GCC_541\Debug\Exam1.a(Out2_3.o)
 .debug_abbrev  0x00001138       0x14 .\CortexM0\ARM_GCC_541\Debug\Exam1.a(CyBootAsmGnu.o)

.debug_line     0x00000000     0x19e1
 *(.debug_line)
 .debug_line    0x00000000      0x15b .\CortexM0\ARM_GCC_541\Debug\main.o
 .debug_line    0x0000015b      0x159 .\CortexM0\ARM_GCC_541\Debug\cyfitter_cfg.o
 .debug_line    0x000002b4      0x141 .\CortexM0\ARM_GCC_541\Debug\cymetadata.o
 .debug_line    0x000003f5      0x236 .\CortexM0\ARM_GCC_541\Debug\Cm0Start.o
 .debug_line    0x0000062b       0xbb .\CortexM0\ARM_GCC_541\Debug\Exam1.a(In1.o)
 .debug_line    0x000006e6       0xbb .\CortexM0\ARM_GCC_541\Debug\Exam1.a(In2.o)
 .debug_line    0x000007a1      0x553 .\CortexM0\ARM_GCC_541\Debug\Exam1.a(CyLib.o)
 .debug_line    0x00000cf4      0x5db .\CortexM0\ARM_GCC_541\Debug\Exam1.a(CyLFClk.o)
 .debug_line    0x000012cf       0xbe .\CortexM0\ARM_GCC_541\Debug\Exam1.a(Out1_1.o)
 .debug_line    0x0000138d       0xbe .\CortexM0\ARM_GCC_541\Debug\Exam1.a(Out1_2.o)
 .debug_line    0x0000144b       0xbe .\CortexM0\ARM_GCC_541\Debug\Exam1.a(Out1_3.o)
 .debug_line    0x00001509       0xbe .\CortexM0\ARM_GCC_541\Debug\Exam1.a(Result.o)
 .debug_line    0x000015c7       0xbc .\CortexM0\ARM_GCC_541\Debug\Exam1.a(In1_2.o)
 .debug_line    0x00001683       0xbd .\CortexM0\ARM_GCC_541\Debug\Exam1.a(In2_2.o)
 .debug_line    0x00001740       0xbe .\CortexM0\ARM_GCC_541\Debug\Exam1.a(Out2_1.o)
 .debug_line    0x000017fe       0xbe .\CortexM0\ARM_GCC_541\Debug\Exam1.a(Out2_2.o)
 .debug_line    0x000018bc       0xbd .\CortexM0\ARM_GCC_541\Debug\Exam1.a(Out2_3.o)
 .debug_line    0x00001979       0x68 .\CortexM0\ARM_GCC_541\Debug\Exam1.a(CyBootAsmGnu.o)

.debug_frame    0x00000000     0x1094
 *(.debug_frame)
 .debug_frame   0x00000000       0x70 .\CortexM0\ARM_GCC_541\Debug\main.o
 .debug_frame   0x00000070       0x78 .\CortexM0\ARM_GCC_541\Debug\cyfitter_cfg.o
 .debug_frame   0x000000e8       0xbc .\CortexM0\ARM_GCC_541\Debug\Cm0Start.o
 .debug_frame   0x000001a4       0x70 .\CortexM0\ARM_GCC_541\Debug\Exam1.a(In1.o)
 .debug_frame   0x00000214       0x70 .\CortexM0\ARM_GCC_541\Debug\Exam1.a(In2.o)
 .debug_frame   0x00000284      0x4a4 .\CortexM0\ARM_GCC_541\Debug\Exam1.a(CyLib.o)
 .debug_frame   0x00000728      0x4a8 .\CortexM0\ARM_GCC_541\Debug\Exam1.a(CyLFClk.o)
 .debug_frame   0x00000bd0       0x70 .\CortexM0\ARM_GCC_541\Debug\Exam1.a(Out1_1.o)
 .debug_frame   0x00000c40       0x70 .\CortexM0\ARM_GCC_541\Debug\Exam1.a(Out1_2.o)
 .debug_frame   0x00000cb0       0x70 .\CortexM0\ARM_GCC_541\Debug\Exam1.a(Out1_3.o)
 .debug_frame   0x00000d20       0x70 .\CortexM0\ARM_GCC_541\Debug\Exam1.a(Result.o)
 .debug_frame   0x00000d90       0x70 .\CortexM0\ARM_GCC_541\Debug\Exam1.a(In1_2.o)
 .debug_frame   0x00000e00       0x70 .\CortexM0\ARM_GCC_541\Debug\Exam1.a(In2_2.o)
 .debug_frame   0x00000e70       0x70 .\CortexM0\ARM_GCC_541\Debug\Exam1.a(Out2_1.o)
 .debug_frame   0x00000ee0       0x70 .\CortexM0\ARM_GCC_541\Debug\Exam1.a(Out2_2.o)
 .debug_frame   0x00000f50       0x70 .\CortexM0\ARM_GCC_541\Debug\Exam1.a(Out2_3.o)
 .debug_frame   0x00000fc0       0x20 c:/program files (x86)/cypress/psoc creator/4.4/psoc creator/import/gnu/arm/5.4.1/bin/../lib/gcc/arm-none-eabi/5.4.1/armv6-m\libgcc.a(_udivsi3.o)
 .debug_frame   0x00000fe0       0x20 c:/program files (x86)/cypress/psoc creator/4.4/psoc creator/import/gnu/arm/5.4.1/bin/../lib/gcc/arm-none-eabi/5.4.1/armv6-m\libgcc.a(_divsi3.o)
 .debug_frame   0x00001000       0x20 c:/program files (x86)/cypress/psoc creator/4.4/psoc creator/import/gnu/arm/5.4.1/bin/../lib/gcc/arm-none-eabi/5.4.1/../../../../arm-none-eabi/lib/armv6-m\libg_nano.a(lib_a-errno.o)
 .debug_frame   0x00001020       0x28 c:/program files (x86)/cypress/psoc creator/4.4/psoc creator/import/gnu/arm/5.4.1/bin/../lib/gcc/arm-none-eabi/5.4.1/../../../../arm-none-eabi/lib/armv6-m\libg_nano.a(lib_a-exit.o)
 .debug_frame   0x00001048       0x2c c:/program files (x86)/cypress/psoc creator/4.4/psoc creator/import/gnu/arm/5.4.1/bin/../lib/gcc/arm-none-eabi/5.4.1/../../../../arm-none-eabi/lib/armv6-m\libg_nano.a(lib_a-init.o)
 .debug_frame   0x00001074       0x20 c:/program files (x86)/cypress/psoc creator/4.4/psoc creator/import/gnu/arm/5.4.1/bin/../lib/gcc/arm-none-eabi/5.4.1/../../../../arm-none-eabi/lib/armv6-m\libg_nano.a(lib_a-memset.o)

.debug_str      0x00000000     0x16ed
 *(.debug_str)
 .debug_str     0x00000000      0x1df .\CortexM0\ARM_GCC_541\Debug\main.o
                                0x21f (size before relaxing)
 .debug_str     0x000001df      0x125 .\CortexM0\ARM_GCC_541\Debug\cyfitter_cfg.o
                                0x29e (size before relaxing)
 .debug_str     0x00000304       0x63 .\CortexM0\ARM_GCC_541\Debug\cymetadata.o
                                0x1b9 (size before relaxing)
 .debug_str     0x00000367      0x140 .\CortexM0\ARM_GCC_541\Debug\Cm0Start.o
                                0x2f2 (size before relaxing)
 .debug_str     0x000004a7       0x9e .\CortexM0\ARM_GCC_541\Debug\Exam1.a(In1.o)
                                0x219 (size before relaxing)
 .debug_str     0x00000545       0x6f .\CortexM0\ARM_GCC_541\Debug\Exam1.a(In2.o)
                                0x219 (size before relaxing)
 .debug_str     0x000005b4      0x5cf .\CortexM0\ARM_GCC_541\Debug\Exam1.a(CyLib.o)
                                0x7e9 (size before relaxing)
 .debug_str     0x00000b83      0x6e7 .\CortexM0\ARM_GCC_541\Debug\Exam1.a(CyLFClk.o)
                                0x929 (size before relaxing)
 .debug_str     0x0000126a       0x82 .\CortexM0\ARM_GCC_541\Debug\Exam1.a(Out1_1.o)
                                0x22e (size before relaxing)
 .debug_str     0x000012ec       0x82 .\CortexM0\ARM_GCC_541\Debug\Exam1.a(Out1_2.o)
                                0x22e (size before relaxing)
 .debug_str     0x0000136e       0x82 .\CortexM0\ARM_GCC_541\Debug\Exam1.a(Out1_3.o)
                                0x22e (size before relaxing)
 .debug_str     0x000013f0       0x81 .\CortexM0\ARM_GCC_541\Debug\Exam1.a(Result.o)
                                0x22e (size before relaxing)
 .debug_str     0x00001471       0x7b .\CortexM0\ARM_GCC_541\Debug\Exam1.a(In1_2.o)
                                0x227 (size before relaxing)
 .debug_str     0x000014ec       0x7b .\CortexM0\ARM_GCC_541\Debug\Exam1.a(In2_2.o)
                                0x227 (size before relaxing)
 .debug_str     0x00001567       0x82 .\CortexM0\ARM_GCC_541\Debug\Exam1.a(Out2_1.o)
                                0x22e (size before relaxing)
 .debug_str     0x000015e9       0x82 .\CortexM0\ARM_GCC_541\Debug\Exam1.a(Out2_2.o)
                                0x22e (size before relaxing)
 .debug_str     0x0000166b       0x82 .\CortexM0\ARM_GCC_541\Debug\Exam1.a(Out2_3.o)
                                0x22e (size before relaxing)

.debug_loc      0x00000000     0x2018
 *(.debug_loc)
 .debug_loc     0x00000000      0x1aa .\CortexM0\ARM_GCC_541\Debug\main.o
 .debug_loc     0x000001aa       0xa9 .\CortexM0\ARM_GCC_541\Debug\cyfitter_cfg.o
 .debug_loc     0x00000253      0x14f .\CortexM0\ARM_GCC_541\Debug\Cm0Start.o
 .debug_loc     0x000003a2       0xa2 .\CortexM0\ARM_GCC_541\Debug\Exam1.a(In1.o)
 .debug_loc     0x00000444       0xa2 .\CortexM0\ARM_GCC_541\Debug\Exam1.a(In2.o)
 .debug_loc     0x000004e6      0x818 .\CortexM0\ARM_GCC_541\Debug\Exam1.a(CyLib.o)
 .debug_loc     0x00000cfe      0xdaa .\CortexM0\ARM_GCC_541\Debug\Exam1.a(CyLFClk.o)
 .debug_loc     0x00001aa8       0xa2 .\CortexM0\ARM_GCC_541\Debug\Exam1.a(Out1_1.o)
 .debug_loc     0x00001b4a       0xa2 .\CortexM0\ARM_GCC_541\Debug\Exam1.a(Out1_2.o)
 .debug_loc     0x00001bec       0xa2 .\CortexM0\ARM_GCC_541\Debug\Exam1.a(Out1_3.o)
 .debug_loc     0x00001c8e       0xa2 .\CortexM0\ARM_GCC_541\Debug\Exam1.a(Result.o)
 .debug_loc     0x00001d30       0x81 .\CortexM0\ARM_GCC_541\Debug\Exam1.a(In1_2.o)
 .debug_loc     0x00001db1       0xa2 .\CortexM0\ARM_GCC_541\Debug\Exam1.a(In2_2.o)
 .debug_loc     0x00001e53       0xa2 .\CortexM0\ARM_GCC_541\Debug\Exam1.a(Out2_1.o)
 .debug_loc     0x00001ef5       0xa2 .\CortexM0\ARM_GCC_541\Debug\Exam1.a(Out2_2.o)
 .debug_loc     0x00001f97       0x81 .\CortexM0\ARM_GCC_541\Debug\Exam1.a(Out2_3.o)

.debug_macinfo
 *(.debug_macinfo)

.debug_ranges   0x00000000      0x668
 *(.debug_ranges)
 .debug_ranges  0x00000000       0x68 .\CortexM0\ARM_GCC_541\Debug\main.o
 .debug_ranges  0x00000068       0x28 .\CortexM0\ARM_GCC_541\Debug\cyfitter_cfg.o
 .debug_ranges  0x00000090       0x38 .\CortexM0\ARM_GCC_541\Debug\Cm0Start.o
 .debug_ranges  0x000000c8       0x38 .\CortexM0\ARM_GCC_541\Debug\Exam1.a(In1.o)
 .debug_ranges  0x00000100       0x38 .\CortexM0\ARM_GCC_541\Debug\Exam1.a(In2.o)
 .debug_ranges  0x00000138      0x1c0 .\CortexM0\ARM_GCC_541\Debug\Exam1.a(CyLib.o)
 .debug_ranges  0x000002f8      0x178 .\CortexM0\ARM_GCC_541\Debug\Exam1.a(CyLFClk.o)
 .debug_ranges  0x00000470       0x38 .\CortexM0\ARM_GCC_541\Debug\Exam1.a(Out1_1.o)
 .debug_ranges  0x000004a8       0x38 .\CortexM0\ARM_GCC_541\Debug\Exam1.a(Out1_2.o)
 .debug_ranges  0x000004e0       0x38 .\CortexM0\ARM_GCC_541\Debug\Exam1.a(Out1_3.o)
 .debug_ranges  0x00000518       0x38 .\CortexM0\ARM_GCC_541\Debug\Exam1.a(Result.o)
 .debug_ranges  0x00000550       0x38 .\CortexM0\ARM_GCC_541\Debug\Exam1.a(In1_2.o)
 .debug_ranges  0x00000588       0x38 .\CortexM0\ARM_GCC_541\Debug\Exam1.a(In2_2.o)
 .debug_ranges  0x000005c0       0x38 .\CortexM0\ARM_GCC_541\Debug\Exam1.a(Out2_1.o)
 .debug_ranges  0x000005f8       0x38 .\CortexM0\ARM_GCC_541\Debug\Exam1.a(Out2_2.o)
 .debug_ranges  0x00000630       0x38 .\CortexM0\ARM_GCC_541\Debug\Exam1.a(Out2_3.o)

.comment        0x00000000       0x6e
 .comment       0x00000000       0x6e .\CortexM0\ARM_GCC_541\Debug\main.o
                                 0x6f (size before relaxing)
 .comment       0x0000006e       0x6f .\CortexM0\ARM_GCC_541\Debug\cyfitter_cfg.o
 .comment       0x0000006e       0x6f .\CortexM0\ARM_GCC_541\Debug\cymetadata.o
 .comment       0x0000006e       0x6f .\CortexM0\ARM_GCC_541\Debug\Cm0Start.o
 .comment       0x0000006e       0x6f .\CortexM0\ARM_GCC_541\Debug\Exam1.a(In1.o)
 .comment       0x0000006e       0x6f .\CortexM0\ARM_GCC_541\Debug\Exam1.a(In2.o)
 .comment       0x0000006e       0x6f .\CortexM0\ARM_GCC_541\Debug\Exam1.a(CyLib.o)
 .comment       0x0000006e       0x6f .\CortexM0\ARM_GCC_541\Debug\Exam1.a(CyLFClk.o)
 .comment       0x0000006e       0x6f .\CortexM0\ARM_GCC_541\Debug\Exam1.a(Out1_1.o)
 .comment       0x0000006e       0x6f .\CortexM0\ARM_GCC_541\Debug\Exam1.a(Out1_2.o)
 .comment       0x0000006e       0x6f .\CortexM0\ARM_GCC_541\Debug\Exam1.a(Out1_3.o)
 .comment       0x0000006e       0x6f .\CortexM0\ARM_GCC_541\Debug\Exam1.a(Result.o)
 .comment       0x0000006e       0x6f .\CortexM0\ARM_GCC_541\Debug\Exam1.a(In1_2.o)
 .comment       0x0000006e       0x6f .\CortexM0\ARM_GCC_541\Debug\Exam1.a(In2_2.o)
 .comment       0x0000006e       0x6f .\CortexM0\ARM_GCC_541\Debug\Exam1.a(Out2_1.o)
 .comment       0x0000006e       0x6f .\CortexM0\ARM_GCC_541\Debug\Exam1.a(Out2_2.o)
 .comment       0x0000006e       0x6f .\CortexM0\ARM_GCC_541\Debug\Exam1.a(Out2_3.o)

.debug_weaknames
 *(.debug_weaknames)

.debug_funcnames
 *(.debug_funcnames)

.debug_typenames
 *(.debug_typenames)

.debug_varnames
 *(.debug_varnames)

.note.gnu.arm.ident
 *(.note.gnu.arm.ident)

.ARM.attributes
                0x00000000       0x28
 *(.ARM.attributes)
 .ARM.attributes
                0x00000000       0x1e c:/program files (x86)/cypress/psoc creator/4.4/psoc creator/import/gnu/arm/5.4.1/bin/../lib/gcc/arm-none-eabi/5.4.1/armv6-m/crti.o
 .ARM.attributes
                0x0000001e       0x2c c:/program files (x86)/cypress/psoc creator/4.4/psoc creator/import/gnu/arm/5.4.1/bin/../lib/gcc/arm-none-eabi/5.4.1/armv6-m/crtbegin.o
 .ARM.attributes
                0x0000004a       0x1b c:/program files (x86)/cypress/psoc creator/4.4/psoc creator/import/gnu/arm/5.4.1/bin/../lib/gcc/arm-none-eabi/5.4.1/../../../../arm-none-eabi/lib/armv6-m/crt0.o
 .ARM.attributes
                0x00000065       0x31 .\CortexM0\ARM_GCC_541\Debug\main.o
 .ARM.attributes
                0x00000096       0x31 .\CortexM0\ARM_GCC_541\Debug\cyfitter_cfg.o
 .ARM.attributes
                0x000000c7       0x31 .\CortexM0\ARM_GCC_541\Debug\cymetadata.o
 .ARM.attributes
                0x000000f8       0x31 .\CortexM0\ARM_GCC_541\Debug\Cm0Start.o
 .ARM.attributes
                0x00000129       0x31 .\CortexM0\ARM_GCC_541\Debug\Exam1.a(In1.o)
 .ARM.attributes
                0x0000015a       0x31 .\CortexM0\ARM_GCC_541\Debug\Exam1.a(In2.o)
 .ARM.attributes
                0x0000018b       0x31 .\CortexM0\ARM_GCC_541\Debug\Exam1.a(CyLib.o)
 .ARM.attributes
                0x000001bc       0x31 .\CortexM0\ARM_GCC_541\Debug\Exam1.a(CyLFClk.o)
 .ARM.attributes
                0x000001ed       0x31 .\CortexM0\ARM_GCC_541\Debug\Exam1.a(Out1_1.o)
 .ARM.attributes
                0x0000021e       0x31 .\CortexM0\ARM_GCC_541\Debug\Exam1.a(Out1_2.o)
 .ARM.attributes
                0x0000024f       0x31 .\CortexM0\ARM_GCC_541\Debug\Exam1.a(Out1_3.o)
 .ARM.attributes
                0x00000280       0x31 .\CortexM0\ARM_GCC_541\Debug\Exam1.a(Result.o)
 .ARM.attributes
                0x000002b1       0x31 .\CortexM0\ARM_GCC_541\Debug\Exam1.a(In1_2.o)
 .ARM.attributes
                0x000002e2       0x31 .\CortexM0\ARM_GCC_541\Debug\Exam1.a(In2_2.o)
 .ARM.attributes
                0x00000313       0x31 .\CortexM0\ARM_GCC_541\Debug\Exam1.a(Out2_1.o)
 .ARM.attributes
                0x00000344       0x31 .\CortexM0\ARM_GCC_541\Debug\Exam1.a(Out2_2.o)
 .ARM.attributes
                0x00000375       0x31 .\CortexM0\ARM_GCC_541\Debug\Exam1.a(Out2_3.o)
 .ARM.attributes
                0x000003a6       0x21 .\CortexM0\ARM_GCC_541\Debug\Exam1.a(CyBootAsmGnu.o)
 .ARM.attributes
                0x000003c7       0x1e c:/program files (x86)/cypress/psoc creator/4.4/psoc creator/import/gnu/arm/5.4.1/bin/../lib/gcc/arm-none-eabi/5.4.1/armv6-m\libgcc.a(_udivsi3.o)
 .ARM.attributes
                0x000003e5       0x1e c:/program files (x86)/cypress/psoc creator/4.4/psoc creator/import/gnu/arm/5.4.1/bin/../lib/gcc/arm-none-eabi/5.4.1/armv6-m\libgcc.a(_divsi3.o)
 .ARM.attributes
                0x00000403       0x1e c:/program files (x86)/cypress/psoc creator/4.4/psoc creator/import/gnu/arm/5.4.1/bin/../lib/gcc/arm-none-eabi/5.4.1/armv6-m\libgcc.a(_dvmd_tls.o)
 .ARM.attributes
                0x00000421       0x2c c:/program files (x86)/cypress/psoc creator/4.4/psoc creator/import/gnu/arm/5.4.1/bin/../lib/gcc/arm-none-eabi/5.4.1/../../../../arm-none-eabi/lib/armv6-m\libg_nano.a(lib_a-errno.o)
 .ARM.attributes
                0x0000044d       0x2c c:/program files (x86)/cypress/psoc creator/4.4/psoc creator/import/gnu/arm/5.4.1/bin/../lib/gcc/arm-none-eabi/5.4.1/../../../../arm-none-eabi/lib/armv6-m\libg_nano.a(lib_a-exit.o)
 .ARM.attributes
                0x00000479       0x2c c:/program files (x86)/cypress/psoc creator/4.4/psoc creator/import/gnu/arm/5.4.1/bin/../lib/gcc/arm-none-eabi/5.4.1/../../../../arm-none-eabi/lib/armv6-m\libg_nano.a(lib_a-impure.o)
 .ARM.attributes
                0x000004a5       0x2c c:/program files (x86)/cypress/psoc creator/4.4/psoc creator/import/gnu/arm/5.4.1/bin/../lib/gcc/arm-none-eabi/5.4.1/../../../../arm-none-eabi/lib/armv6-m\libg_nano.a(lib_a-init.o)
 .ARM.attributes
                0x000004d1       0x2c c:/program files (x86)/cypress/psoc creator/4.4/psoc creator/import/gnu/arm/5.4.1/bin/../lib/gcc/arm-none-eabi/5.4.1/../../../../arm-none-eabi/lib/armv6-m\libg_nano.a(lib_a-memset.o)
 .ARM.attributes
                0x000004fd       0x2c c:/program files (x86)/cypress/psoc creator/4.4/psoc creator/import/gnu/arm/5.4.1/bin/../lib/gcc/arm-none-eabi/5.4.1/armv6-m/crtend.o
 .ARM.attributes
                0x00000529       0x1e c:/program files (x86)/cypress/psoc creator/4.4/psoc creator/import/gnu/arm/5.4.1/bin/../lib/gcc/arm-none-eabi/5.4.1/armv6-m/crtn.o

/DISCARD/
 *(.note.GNU-stack)
OUTPUT(C:\Users\1\Documents\PSoC Creator\Exam\Exam1.cydsn\CortexM0\ARM_GCC_541\Debug\Exam1.elf elf32-littlearm)
